Archive member included to satisfy reference by file (symbol)

c:/altera/14.1/nios2eds/bin/gnu/h-x86_64-mingw32/bin/../lib/gcc/nios2-elf/4.8.3/../../../../../H-x86_64-mingw32/nios2-elf/lib/mno-hw-mul\libc.a(lib_a-malloc.o)
                              obj/default/graphics.o (malloc)
c:/altera/14.1/nios2eds/bin/gnu/h-x86_64-mingw32/bin/../lib/gcc/nios2-elf/4.8.3/../../../../../H-x86_64-mingw32/nios2-elf/lib/mno-hw-mul\libc.a(lib_a-mallocr.o)
                              c:/altera/14.1/nios2eds/bin/gnu/h-x86_64-mingw32/bin/../lib/gcc/nios2-elf/4.8.3/../../../../../H-x86_64-mingw32/nios2-elf/lib/mno-hw-mul\libc.a(lib_a-malloc.o) (_malloc_r)
c:/altera/14.1/nios2eds/bin/gnu/h-x86_64-mingw32/bin/../lib/gcc/nios2-elf/4.8.3/../../../../../H-x86_64-mingw32/nios2-elf/lib/mno-hw-mul\libc.a(lib_a-memset.o)
                              obj/default/graphics.o (memset)
c:/altera/14.1/nios2eds/bin/gnu/h-x86_64-mingw32/bin/../lib/gcc/nios2-elf/4.8.3/../../../../../H-x86_64-mingw32/nios2-elf/lib/mno-hw-mul\libc.a(lib_a-sbrkr.o)
                              c:/altera/14.1/nios2eds/bin/gnu/h-x86_64-mingw32/bin/../lib/gcc/nios2-elf/4.8.3/../../../../../H-x86_64-mingw32/nios2-elf/lib/mno-hw-mul\libc.a(lib_a-mallocr.o) (_sbrk_r)
c:/altera/14.1/nios2eds/bin/gnu/h-x86_64-mingw32/bin/../lib/gcc/nios2-elf/4.8.3/../../../../../H-x86_64-mingw32/nios2-elf/lib/mno-hw-mul\libc.a(lib_a-freer.o)
                              c:/altera/14.1/nios2eds/bin/gnu/h-x86_64-mingw32/bin/../lib/gcc/nios2-elf/4.8.3/../../../../../H-x86_64-mingw32/nios2-elf/lib/mno-hw-mul\libc.a(lib_a-malloc.o) (_free_r)
c:/altera/14.1/nios2eds/bin/gnu/h-x86_64-mingw32/bin/../lib/gcc/nios2-elf/4.8.3/../../../../../H-x86_64-mingw32/nios2-elf/lib/mno-hw-mul\libc.a(lib_a-impure.o)
                              c:/altera/14.1/nios2eds/bin/gnu/h-x86_64-mingw32/bin/../lib/gcc/nios2-elf/4.8.3/../../../../../H-x86_64-mingw32/nios2-elf/lib/mno-hw-mul\libc.a(lib_a-malloc.o) (_impure_ptr)
c:/altera/14.1/nios2eds/bin/gnu/h-x86_64-mingw32/bin/../lib/gcc/nios2-elf/4.8.3/../../../../../H-x86_64-mingw32/nios2-elf/lib/mno-hw-mul\libc.a(lib_a-int_errno.o)
                              c:/altera/14.1/nios2eds/bin/gnu/h-x86_64-mingw32/bin/../lib/gcc/nios2-elf/4.8.3/../../../../../H-x86_64-mingw32/nios2-elf/lib/mno-hw-mul\libc.a(lib_a-sbrkr.o) (errno)
../video_bsp/\libhal_bsp.a(alt_load.o)
                              ../video_bsp//obj/HAL/src/crt0.o (alt_load)
../video_bsp/\libhal_bsp.a(alt_main.o)
                              ../video_bsp//obj/HAL/src/crt0.o (alt_main)
../video_bsp/\libhal_bsp.a(alt_malloc_lock.o)
                              c:/altera/14.1/nios2eds/bin/gnu/h-x86_64-mingw32/bin/../lib/gcc/nios2-elf/4.8.3/../../../../../H-x86_64-mingw32/nios2-elf/lib/mno-hw-mul\libc.a(lib_a-mallocr.o) (__malloc_lock)
../video_bsp/\libhal_bsp.a(alt_sbrk.o)
                              c:/altera/14.1/nios2eds/bin/gnu/h-x86_64-mingw32/bin/../lib/gcc/nios2-elf/4.8.3/../../../../../H-x86_64-mingw32/nios2-elf/lib/mno-hw-mul\libc.a(lib_a-sbrkr.o) (sbrk)
../video_bsp/\libhal_bsp.a(alt_sys_init.o)
                              ../video_bsp/\libhal_bsp.a(alt_main.o) (alt_irq_init)
../video_bsp/\libhal_bsp.a(altera_avalon_jtag_uart_fd.o)
                              ../video_bsp/\libhal_bsp.a(alt_sys_init.o) (altera_avalon_jtag_uart_read_fd)
../video_bsp/\libhal_bsp.a(altera_avalon_jtag_uart_init.o)
                              ../video_bsp/\libhal_bsp.a(alt_sys_init.o) (altera_avalon_jtag_uart_init)
../video_bsp/\libhal_bsp.a(altera_avalon_jtag_uart_ioctl.o)
                              ../video_bsp/\libhal_bsp.a(altera_avalon_jtag_uart_fd.o) (altera_avalon_jtag_uart_ioctl)
../video_bsp/\libhal_bsp.a(altera_avalon_jtag_uart_read.o)
                              ../video_bsp/\libhal_bsp.a(altera_avalon_jtag_uart_fd.o) (altera_avalon_jtag_uart_read)
../video_bsp/\libhal_bsp.a(altera_avalon_jtag_uart_write.o)
                              ../video_bsp/\libhal_bsp.a(altera_avalon_jtag_uart_fd.o) (altera_avalon_jtag_uart_write)
../video_bsp/\libhal_bsp.a(alt_alarm_start.o)
                              ../video_bsp/\libhal_bsp.a(altera_avalon_jtag_uart_init.o) (alt_alarm_start)
../video_bsp/\libhal_bsp.a(alt_close.o)
                              ../video_bsp/\libhal_bsp.a(alt_main.o) (close)
../video_bsp/\libhal_bsp.a(alt_dcache_flush_all.o)
                              ../video_bsp/\libhal_bsp.a(alt_load.o) (alt_dcache_flush_all)
../video_bsp/\libhal_bsp.a(alt_dev.o)
                              ../video_bsp/\libhal_bsp.a(alt_sys_init.o) (alt_dev_list)
../video_bsp/\libhal_bsp.a(alt_dev_llist_insert.o)
                              ../video_bsp/\libhal_bsp.a(alt_sys_init.o) (alt_dev_llist_insert)
../video_bsp/\libhal_bsp.a(alt_do_ctors.o)
                              ../video_bsp/\libhal_bsp.a(alt_main.o) (_do_ctors)
../video_bsp/\libhal_bsp.a(alt_do_dtors.o)
                              ../video_bsp/\libhal_bsp.a(alt_main.o) (_do_dtors)
[...]
Memory Configuration

Name             Origin             Length             Attributes
onchip_memory2_0 0x0000000000000000 0x0000000000000010
reset            0x0000000010000000 0x0000000000000020
sdram            0x0000000010000020 0x0000000007ffffe0
*default*        0x0000000000000000 0xffffffffffffffff

Linker script and memory map

LOAD ../video_bsp//obj/HAL/src/crt0.o
LOAD obj/default/graphics.o
LOAD obj/default/main.o
LOAD obj/default/pio.o
LOAD c:/altera/14.1/nios2eds/bin/gnu/h-x86_64-mingw32/bin/../lib/gcc/nios2-elf/4.8.3/../../../../../H-x86_64-mingw32/nios2-elf/lib/mno-hw-mul\libstdc++.a
LOAD c:/altera/14.1/nios2eds/bin/gnu/h-x86_64-mingw32/bin/../lib/gcc/nios2-elf/4.8.3/../../../../../H-x86_64-mingw32/nios2-elf/lib/mno-hw-mul\libm.a
LOAD c:/altera/14.1/nios2eds/bin/gnu/h-x86_64-mingw32/bin/../lib/gcc/nios2-elf/4.8.3/mno-hw-mul\libgcc.a
START GROUP
LOAD c:/altera/14.1/nios2eds/bin/gnu/h-x86_64-mingw32/bin/../lib/gcc/nios2-elf/4.8.3/../../../../../H-x86_64-mingw32/nios2-elf/lib/mno-hw-mul\libc.a
LOAD c:/altera/14.1/nios2eds/bin/gnu/h-x86_64-mingw32/bin/../lib/gcc/nios2-elf/4.8.3/mno-hw-mul\libgcc.a
LOAD ../video_bsp/\libhal_bsp.a
END GROUP
LOAD c:/altera/14.1/nios2eds/bin/gnu/h-x86_64-mingw32/bin/../lib/gcc/nios2-elf/4.8.3/mno-hw-mul\libgcc.a
                0x0000000000000000                __alt_mem_onchip_memory2_0 = 0x0
                0x0000000010000000                __alt_mem_sdram = 0x10000000

.entry          0x0000000010000000       0x20
 *(.entry)
 .entry         0x0000000010000000       0x20 ../video_bsp//obj/HAL/src/crt0.o
                0x0000000010000000                __reset

.exceptions     0x0000000010000020      0x19c
                0x0000000010000020                PROVIDE (__ram_exceptions_start, ABSOLUTE (.))
                0x0000000010000020                . = ALIGN (0x20)
 *(.irq)
 *(.exceptions.entry.label)
 .exceptions.entry.label
                0x0000000010000020        0x0 ../video_bsp/\libhal_bsp.a(alt_irq_entry.o)
                0x0000000010000020                alt_irq_entry
 .exceptions.entry.label
                0x0000000010000020        0x0 ../video_bsp/\libhal_bsp.a(alt_exception_entry.o)
                0x0000000010000020                alt_exception
 *(.exceptions.entry.user)
 *(.exceptions.entry.ecc_fatal)
 *(.exceptions.entry)
 .exceptions.entry
                0x0000000010000020       0x54 ../video_bsp/\libhal_bsp.a(alt_exception_entry.o)
 *(.exceptions.irqtest.user)
 *(.exceptions.irqtest)
 .exceptions.irqtest
                0x0000000010000074       0x10 ../video_bsp/\libhal_bsp.a(alt_irq_entry.o)
 *(.exceptions.irqhandler.user)
 *(.exceptions.irqhandler)
 .exceptions.irqhandler
                0x0000000010000084        0x4 ../video_bsp/\libhal_bsp.a(alt_irq_entry.o)
 *(.exceptions.irqreturn.user)
 *(.exceptions.irqreturn)
 .exceptions.irqreturn
                0x0000000010000088        0x4 ../video_bsp/\libhal_bsp.a(alt_irq_entry.o)
 *(.exceptions.notirq.label)
 .exceptions.notirq.label
                0x000000001000008c        0x0 ../video_bsp/\libhal_bsp.a(alt_irq_entry.o)
 *(.exceptions.notirq.user)
 *(.exceptions.notirq)
 .exceptions.notirq
                0x000000001000008c        0x8 ../video_bsp/\libhal_bsp.a(alt_exception_entry.o)
 *(.exceptions.soft.user)
 *(.exceptions.soft)
 *(.exceptions.unknown.user)
 *(.exceptions.unknown)
 .exceptions.unknown
                0x0000000010000094        0x4 ../video_bsp/\libhal_bsp.a(alt_exception_entry.o)
 *(.exceptions.exit.label)
 .exceptions.exit.label
                0x0000000010000098        0x0 ../video_bsp/\libhal_bsp.a(alt_irq_entry.o)
 .exceptions.exit.label
                0x0000000010000098        0x0 ../video_bsp/\libhal_bsp.a(alt_exception_entry.o)
 *(.exceptions.exit.user)
 *(.exceptions.exit)
 .exceptions.exit
                0x0000000010000098       0x54 ../video_bsp/\libhal_bsp.a(alt_exception_entry.o)
 *(.exceptions)
 .exceptions    0x00000000100000ec       0xd0 ../video_bsp/\libhal_bsp.a(alt_irq_handler.o)
                0x00000000100000ec                alt_irq_handler
                0x00000000100001bc                PROVIDE (__ram_exceptions_end, ABSOLUTE (.))
                0x0000000010000020                PROVIDE (__flash_exceptions_start, LOADADDR (.exceptions))

.text           0x00000000100001bc     0x3e40
                0x00000000100001bc                PROVIDE (stext, ABSOLUTE (.))
 *(.interp)
 *(.hash)
 *(.dynsym)
 *(.dynstr)
 *(.gnu.version)
 *(.gnu.version_d)
 *(.gnu.version_r)
 *(.rel.init)
 *(.rela.init)
 *(.rel.text .rel.text.* .rel.gnu.linkonce.t.*)
 *(.rela.text .rela.text.* .rela.gnu.linkonce.t.*)
 *(.rel.fini)
 *(.rela.fini)
 *(.rel.rodata .rel.rodata.* .rel.gnu.linkonce.r.*)
 *(.rela.rodata .rela.rodata.* .rela.gnu.linkonce.r.*)
 *(.rel.data .rel.data.* .rel.gnu.linkonce.d.*)
 *(.rela.data .rela.data.* .rela.gnu.linkonce.d.*)
 *(.rel.tdata .rel.tdata.* .rel.gnu.linkonce.td.*)
 *(.rela.tdata .rela.tdata.* .rela.gnu.linkonce.td.*)
 *(.rel.tbss .rel.tbss.* .rel.gnu.linkonce.tb.*)
 *(.rela.tbss .rela.tbss.* .rela.gnu.linkonce.tb.*)
 *(.rel.ctors)
 *(.rela.ctors)
 *(.rel.dtors)
 *(.rela.dtors)
 *(.rel.got)
 *(.rela.got)
 *(.rel.sdata .rel.sdata.* .rel.gnu.linkonce.s.*)
 *(.rela.sdata .rela.sdata.* .rela.gnu.linkonce.s.*)
 *(.rel.sbss .rel.sbss.* .rel.gnu.linkonce.sb.*)
 *(.rela.sbss .rela.sbss.* .rela.gnu.linkonce.sb.*)
 *(.rel.sdata2 .rel.sdata2.* .rel.gnu.linkonce.s2.*)
 *(.rela.sdata2 .rela.sdata2.* .rela.gnu.linkonce.s2.*)
 *(.rel.sbss2 .rel.sbss2.* .rel.gnu.linkonce.sb2.*)
 *(.rela.sbss2 .rela.sbss2.* .rela.gnu.linkonce.sb2.*)
 *(.rel.bss .rel.bss.* .rel.gnu.linkonce.b.*)
 *(.rela.bss .rela.bss.* .rela.gnu.linkonce.b.*)
 *(.rel.plt)
 *(.rela.plt)
 *(.rel.dyn)
 *(.init)
 *(.plt)
 *(.text .stub .text.* .gnu.linkonce.t.*)
 .text          0x00000000100001bc       0x3c ../video_bsp//obj/HAL/src/crt0.o
                0x00000000100001bc                _start
 .text          0x00000000100001f8      0xcf8 obj/default/graphics.o
                0x00000000100001f8                InitGraphics()
                0x0000000010000240                DeallocGraphics()
                0x000000001000027c                WaitForVSYNC()
                0x00000000100002b8                WaitForNotVSYNC()
                0x00000000100002f0                UploadGraphics()
                0x000000001000042c                FillRectangle(unsigned short, unsigned short, unsigned short, unsigned short, Color)
                0x0000000010000670                StrokeRectangle(unsigned short, unsigned short, unsigned short, unsigned short, Color, unsigned short)
                0x00000000100008e0                FillImage(unsigned short, unsigned short, unsigned short, unsigned short, Color, unsigned int)
                0x0000000010000b5c                FillRoundedRectangle(unsigned short, unsigned short, unsigned short, unsigned short, Color, unsigned short)
                0x0000000010000dcc                SetBackgroundColor(Color)
                0x0000000010000e70                SetSpriteAddress(unsigned int)
 .text          0x0000000010000ef0       0xac obj/default/main.o
                0x0000000010000ef0                main
 .text._ZN5ColorC2Ehhh
                0x0000000010000f9c       0x5c obj/default/main.o
                0x0000000010000f9c                Color::Color(unsigned char, unsigned char, unsigned char)
                0x0000000010000f9c                Color::Color(unsigned char, unsigned char, unsigned char)
 .text          0x0000000010000ff8        0x0 obj/default/pio.o
 .text          0x0000000010000ff8       0x28 c:/altera/14.1/nios2eds/bin/gnu/h-x86_64-mingw32/bin/../lib/gcc/nios2-elf/4.8.3/../../../../../H-x86_64-mingw32/nios2-elf/lib/mno-hw-mul\libc.a(lib_a-malloc.o)
                0x0000000010000ff8                malloc
                0x000000001000100c                free
 .text          0x0000000010001020      0x7c4 c:/altera/14.1/nios2eds/bin/gnu/h-x86_64-mingw32/bin/../lib/gcc/nios2-elf/4.8.3/../../../../../H-x86_64-mingw32/nios2-elf/lib/mno-hw-mul\libc.a(lib_a-mallocr.o)
                0x0000000010001020                _malloc_r
 .text          0x00000000100017e4      0x114 c:/altera/14.1/nios2eds/bin/gnu/h-x86_64-mingw32/bin/../lib/gcc/nios2-elf/4.8.3/../../../../../H-x86_64-mingw32/nios2-elf/lib/mno-hw-mul\libc.a(lib_a-memset.o)
                0x00000000100017e4                memset
 .text          0x00000000100018f8       0x64 c:/altera/14.1/nios2eds/bin/gnu/h-x86_64-mingw32/bin/../lib/gcc/nios2-elf/4.8.3/../../../../../H-x86_64-mingw32/nios2-elf/lib/mno-hw-mul\libc.a(lib_a-sbrkr.o)
                0x00000000100018f8                _sbrk_r
 .text          0x000000001000195c      0x40c c:/altera/14.1/nios2eds/bin/gnu/h-x86_64-mingw32/bin/../lib/gcc/nios2-elf/4.8.3/../../../../../H-x86_64-mingw32/nios2-elf/lib/mno-hw-mul\libc.a(lib_a-freer.o)
                0x000000001000195c                _malloc_trim_r
                0x0000000010001a98                _free_r
 .text          0x0000000010001d68        0x0 c:/altera/14.1/nios2eds/bin/gnu/h-x86_64-mingw32/bin/../lib/gcc/nios2-elf/4.8.3/../../../../../H-x86_64-mingw32/nios2-elf/lib/mno-hw-mul\libc.a(lib_a-impure.o)
 .text          0x0000000010001d68        0x0 c:/altera/14.1/nios2eds/bin/gnu/h-x86_64-mingw32/bin/../lib/gcc/nios2-elf/4.8.3/../../../../../H-x86_64-mingw32/nios2-elf/lib/mno-hw-mul\libc.a(lib_a-int_errno.o)
 .text          0x0000000010001d68       0xe4 ../video_bsp/\libhal_bsp.a(alt_load.o)
                0x0000000010001dcc                alt_load
 .text          0x0000000010001e4c       0x78 ../video_bsp/\libhal_bsp.a(alt_main.o)
                0x0000000010001e4c                alt_main
 .text          0x0000000010001ec4       0x40 ../video_bsp/\libhal_bsp.a(alt_malloc_lock.o)
                0x0000000010001ec4                __malloc_lock
                0x0000000010001ee4                __malloc_unlock
 .text          0x0000000010001f04       0xb0 ../video_bsp/\libhal_bsp.a(alt_sbrk.o)
                0x0000000010001f04                sbrk
 .text          0x0000000010001fb4       0xb4 ../video_bsp/\libhal_bsp.a(alt_sys_init.o)
                0x0000000010001fec                alt_irq_init
                0x0000000010002020                alt_sys_init
 .text          0x0000000010002068      0x164 ../video_bsp/\libhal_bsp.a(altera_avalon_jtag_uart_fd.o)
                0x0000000010002068                altera_avalon_jtag_uart_read_fd
                0x00000000100020c8                altera_avalon_jtag_uart_write_fd
                0x0000000010002128                altera_avalon_jtag_uart_close_fd
                0x0000000010002178                altera_avalon_jtag_uart_ioctl_fd
 .text          0x00000000100021cc      0x3c8 ../video_bsp/\libhal_bsp.a(altera_avalon_jtag_uart_init.o)
                0x00000000100021cc                altera_avalon_jtag_uart_init
                0x000000001000252c                altera_avalon_jtag_uart_close
 .text          0x0000000010002594       0xec ../video_bsp/\libhal_bsp.a(altera_avalon_jtag_uart_ioctl.o)
                0x0000000010002594                altera_avalon_jtag_uart_ioctl
 .text          0x0000000010002680      0x208 ../video_bsp/\libhal_bsp.a(altera_avalon_jtag_uart_read.o)
                0x0000000010002680                altera_avalon_jtag_uart_read
 .text          0x0000000010002888      0x218 ../video_bsp/\libhal_bsp.a(altera_avalon_jtag_uart_write.o)
                0x0000000010002888                altera_avalon_jtag_uart_write
 .text          0x0000000010002aa0      0x140 ../video_bsp/\libhal_bsp.a(alt_alarm_start.o)
                0x0000000010002aa0                alt_alarm_start
 .text          0x0000000010002be0      0x120 ../video_bsp/\libhal_bsp.a(alt_close.o)
                0x0000000010002c30                close
 .text          0x0000000010002d00       0x1c ../video_bsp/\libhal_bsp.a(alt_dcache_flush_all.o)
                0x0000000010002d00                alt_dcache_flush_all
 .text          0x0000000010002d1c       0x2c ../video_bsp/\libhal_bsp.a(alt_dev.o)
 .text          0x0000000010002d48       0xf0 ../video_bsp/\libhal_bsp.a(alt_dev_llist_insert.o)
                0x0000000010002d98                alt_dev_llist_insert
 .text          0x0000000010002e38       0x5c ../video_bsp/\libhal_bsp.a(alt_do_ctors.o)
                0x0000000010002e38                _do_ctors
 .text          0x0000000010002e94       0x5c ../video_bsp/\libhal_bsp.a(alt_do_dtors.o)
                0x0000000010002e94                _do_dtors
 .text          0x0000000010002ef0        0x0 ../video_bsp/\libhal_bsp.a(alt_errno.o)
 .text          0x0000000010002ef0       0x1c ../video_bsp/\libhal_bsp.a(alt_icache_flush_all.o)
                0x0000000010002ef0                alt_icache_flush_all
 .text          0x0000000010002f0c      0x1d8 ../video_bsp/\libhal_bsp.a(alt_iic.o)
                0x0000000010002f0c                alt_ic_isr_register
                0x0000000010002f5c                alt_ic_irq_enable
                0x0000000010002ff8                alt_ic_irq_disable
                0x0000000010003098                alt_ic_irq_enabled
 .text          0x00000000100030e4       0xf0 ../video_bsp/\libhal_bsp.a(alt_iic_isr_register.o)
                0x00000000100030e4                alt_iic_isr_register
 .text          0x00000000100031d4      0x158 ../video_bsp/\libhal_bsp.a(alt_io_redirect.o)
                0x00000000100032b4                alt_io_redirect
 .text          0x000000001000332c        0x0 ../video_bsp/\libhal_bsp.a(alt_irq_entry.o)
 .text          0x000000001000332c        0x0 ../video_bsp/\libhal_bsp.a(alt_irq_handler.o)
 .text          0x000000001000332c        0x0 ../video_bsp/\libhal_bsp.a(alt_irq_vars.o)
 .text          0x000000001000332c      0x2a0 ../video_bsp/\libhal_bsp.a(alt_open.o)
                0x0000000010003470                open
 .text          0x00000000100035cc       0x80 ../video_bsp/\libhal_bsp.a(alt_release_fd.o)
                0x00000000100035cc                alt_release_fd
 .text          0x000000001000364c      0x19c ../video_bsp/\libhal_bsp.a(alt_tick.o)
                0x000000001000364c                alt_alarm_stop
                0x00000000100036e4                alt_tick
 .text          0x00000000100037e8       0x20 ../video_bsp/\libhal_bsp.a(altera_nios2_qsys_irq.o)
                0x00000000100037e8                altera_nios2_qsys_irq_init
 .text          0x0000000010003808        0x0 ../video_bsp/\libhal_bsp.a(alt_exception_entry.o)
 .text          0x0000000010003808       0x90 ../video_bsp/\libhal_bsp.a(alt_find_dev.o)
                0x0000000010003808                alt_find_dev
 .text          0x0000000010003898      0x114 ../video_bsp/\libhal_bsp.a(alt_find_file.o)
                0x0000000010003898                alt_find_file
 .text          0x00000000100039ac       0xd4 ../video_bsp/\libhal_bsp.a(alt_get_fd.o)
                0x00000000100039ac                alt_get_fd
 .text          0x0000000010003a80       0x14 c:/altera/14.1/nios2eds/bin/gnu/h-x86_64-mingw32/bin/../lib/gcc/nios2-elf/4.8.3/../../../../../H-x86_64-mingw32/nios2-elf/lib/mno-hw-mul\libc.a(lib_a-atexit.o)
                0x0000000010003a80                atexit
 .text          0x0000000010003a94       0x38 c:/altera/14.1/nios2eds/bin/gnu/h-x86_64-mingw32/bin/../lib/gcc/nios2-elf/4.8.3/../../../../../H-x86_64-mingw32/nios2-elf/lib/mno-hw-mul\libc.a(lib_a-exit.o)
                0x0000000010003a94                exit
 .text          0x0000000010003acc       0x7c c:/altera/14.1/nios2eds/bin/gnu/h-x86_64-mingw32/bin/../lib/gcc/nios2-elf/4.8.3/../../../../../H-x86_64-mingw32/nios2-elf/lib/mno-hw-mul\libc.a(lib_a-memcmp.o)
                0x0000000010003acc                memcmp
 .text          0x0000000010003b48      0x10c c:/altera/14.1/nios2eds/bin/gnu/h-x86_64-mingw32/bin/../lib/gcc/nios2-elf/4.8.3/../../../../../H-x86_64-mingw32/nios2-elf/lib/mno-hw-mul\libc.a(lib_a-memcpy.o)
                0x0000000010003b48                memcpy
 .text          0x0000000010003c54       0x8c c:/altera/14.1/nios2eds/bin/gnu/h-x86_64-mingw32/bin/../lib/gcc/nios2-elf/4.8.3/../../../../../H-x86_64-mingw32/nios2-elf/lib/mno-hw-mul\libc.a(lib_a-strlen.o)
                0x0000000010003c54                strlen
 .text          0x0000000010003ce0      0x11c c:/altera/14.1/nios2eds/bin/gnu/h-x86_64-mingw32/bin/../lib/gcc/nios2-elf/4.8.3/../../../../../H-x86_64-mingw32/nios2-elf/lib/mno-hw-mul\libc.a(lib_a-__atexit.o)
                0x0000000010003ce0                __register_exitproc
 .text          0x0000000010003dfc      0x1a4 c:/altera/14.1/nios2eds/bin/gnu/h-x86_64-mingw32/bin/../lib/gcc/nios2-elf/4.8.3/../../../../../H-x86_64-mingw32/nios2-elf/lib/mno-hw-mul\libc.a(lib_a-__call_atexit.o)
                0x0000000010003dfc                __call_exitprocs
 .text          0x0000000010003fa0       0x28 c:/altera/14.1/nios2eds/bin/gnu/h-x86_64-mingw32/bin/../lib/gcc/nios2-elf/4.8.3/mno-hw-mul\libgcc.a(lib2-mul.o)
                0x0000000010003fa0                __mulsi3
 .text          0x0000000010003fc8       0x34 ../video_bsp/\libhal_bsp.a(alt_exit.o)
                0x0000000010003fc8                _exit
 *(.gnu.warning.*)
 *(.fini)
                0x0000000010003ffc                PROVIDE (__etext, ABSOLUTE (.))
                0x0000000010003ffc                PROVIDE (_etext, ABSOLUTE (.))
                0x0000000010003ffc                PROVIDE (etext, ABSOLUTE (.))
 *(.eh_frame_hdr)
                0x0000000010003ffc                . = ALIGN (0x4)
                0x0000000010003ffc                PROVIDE (__preinit_array_start, ABSOLUTE (.))
 *(.preinit_array)
                0x0000000010003ffc                PROVIDE (__preinit_array_end, ABSOLUTE (.))
                0x0000000010003ffc                PROVIDE (__init_array_start, ABSOLUTE (.))
 *(.init_array)
                0x0000000010003ffc                PROVIDE (__init_array_end, ABSOLUTE (.))
                0x0000000010003ffc                PROVIDE (__fini_array_start, ABSOLUTE (.))
 *(.fini_array)
                0x0000000010003ffc                PROVIDE (__fini_array_end, ABSOLUTE (.))
 *(.eh_frame)
 *(.gcc_except_table .gcc_except_table.*)
 *(.dynamic)
                0x0000000010003ffc                PROVIDE (__CTOR_LIST__, ABSOLUTE (.))
 *(.ctors)
 *(SORT(.ctors.*))
                0x0000000010003ffc                PROVIDE (__CTOR_END__, ABSOLUTE (.))
                0x0000000010003ffc                PROVIDE (__DTOR_LIST__, ABSOLUTE (.))
 *(.dtors)
 *(SORT(.dtors.*))
                0x0000000010003ffc                PROVIDE (__DTOR_END__, ABSOLUTE (.))
 *(.jcr)
                0x0000000010003ffc                . = ALIGN (0x4)

.rodata         0x0000000010003ffc       0x38
                0x0000000010003ffc                PROVIDE (__ram_rodata_start, ABSOLUTE (.))
                0x0000000010003ffc                . = ALIGN (0x4)
 *(.rodata .rodata.* .gnu.linkonce.r.*)
 .rodata.str1.4
                0x0000000010003ffc        0x4 c:/altera/14.1/nios2eds/bin/gnu/h-x86_64-mingw32/bin/../lib/gcc/nios2-elf/4.8.3/../../../../../H-x86_64-mingw32/nios2-elf/lib/mno-hw-mul\libc.a(lib_a-impure.o)
 .rodata        0x0000000010004000       0x14 ../video_bsp/\libhal_bsp.a(alt_main.o)
 .rodata        0x0000000010004014       0x14 ../video_bsp/\libhal_bsp.a(alt_sys_init.o)
 .rodata        0x0000000010004028        0xc ../video_bsp/\libhal_bsp.a(alt_dev.o)
 *(.rodata1)
                0x0000000010004034                . = ALIGN (0x4)
                0x0000000010004034                PROVIDE (__ram_rodata_end, ABSOLUTE (.))
                0x0000000010003ffc                PROVIDE (__flash_rodata_start, LOADADDR (.rodata))

.rwdata         0x0000000010004034     0x1a80 load address 0x0000000010005ab4
                0x0000000010004034                PROVIDE (__ram_rwdata_start, ABSOLUTE (.))
                0x0000000010004034                . = ALIGN (0x4)
 *(.got.plt)
 *(.got)
 *(.data1)
 *(.data .data.* .gnu.linkonce.d.*)
 .data          0x0000000010004034        0x0 ../video_bsp//obj/HAL/src/crt0.o
 .data          0x0000000010004034        0x0 obj/default/graphics.o
 .data          0x0000000010004034        0x0 obj/default/main.o
 .data          0x0000000010004034        0x0 obj/default/pio.o
 .data          0x0000000010004034        0x0 c:/altera/14.1/nios2eds/bin/gnu/h-x86_64-mingw32/bin/../lib/gcc/nios2-elf/4.8.3/../../../../../H-x86_64-mingw32/nios2-elf/lib/mno-hw-mul\libc.a(lib_a-malloc.o)
 .data          0x0000000010004034      0x408 c:/altera/14.1/nios2eds/bin/gnu/h-x86_64-mingw32/bin/../lib/gcc/nios2-elf/4.8.3/../../../../../H-x86_64-mingw32/nios2-elf/lib/mno-hw-mul\libc.a(lib_a-mallocr.o)
                0x0000000010004034                __malloc_av_
 .data          0x000000001000443c        0x0 c:/altera/14.1/nios2eds/bin/gnu/h-x86_64-mingw32/bin/../lib/gcc/nios2-elf/4.8.3/../../../../../H-x86_64-mingw32/nios2-elf/lib/mno-hw-mul\libc.a(lib_a-memset.o)
 .data          0x000000001000443c        0x0 c:/altera/14.1/nios2eds/bin/gnu/h-x86_64-mingw32/bin/../lib/gcc/nios2-elf/4.8.3/../../../../../H-x86_64-mingw32/nios2-elf/lib/mno-hw-mul\libc.a(lib_a-sbrkr.o)
 .data          0x000000001000443c        0x0 c:/altera/14.1/nios2eds/bin/gnu/h-x86_64-mingw32/bin/../lib/gcc/nios2-elf/4.8.3/../../../../../H-x86_64-mingw32/nios2-elf/lib/mno-hw-mul\libc.a(lib_a-freer.o)
 .data          0x000000001000443c      0x424 c:/altera/14.1/nios2eds/bin/gnu/h-x86_64-mingw32/bin/../lib/gcc/nios2-elf/4.8.3/../../../../../H-x86_64-mingw32/nios2-elf/lib/mno-hw-mul\libc.a(lib_a-impure.o)
 .data          0x0000000010004860        0x0 c:/altera/14.1/nios2eds/bin/gnu/h-x86_64-mingw32/bin/../lib/gcc/nios2-elf/4.8.3/../../../../../H-x86_64-mingw32/nios2-elf/lib/mno-hw-mul\libc.a(lib_a-int_errno.o)
 .data          0x0000000010004860        0x0 ../video_bsp/\libhal_bsp.a(alt_load.o)
 .data          0x0000000010004860        0x0 ../video_bsp/\libhal_bsp.a(alt_main.o)
 .data          0x0000000010004860        0x0 ../video_bsp/\libhal_bsp.a(alt_malloc_lock.o)
 .data          0x0000000010004860        0x0 ../video_bsp/\libhal_bsp.a(alt_sbrk.o)
 .data          0x0000000010004860     0x1060 ../video_bsp/\libhal_bsp.a(alt_sys_init.o)
 .data          0x00000000100058c0        0x0 ../video_bsp/\libhal_bsp.a(altera_avalon_jtag_uart_fd.o)
 .data          0x00000000100058c0        0x0 ../video_bsp/\libhal_bsp.a(altera_avalon_jtag_uart_init.o)
 .data          0x00000000100058c0        0x0 ../video_bsp/\libhal_bsp.a(altera_avalon_jtag_uart_ioctl.o)
 .data          0x00000000100058c0        0x0 ../video_bsp/\libhal_bsp.a(altera_avalon_jtag_uart_read.o)
 .data          0x00000000100058c0        0x0 ../video_bsp/\libhal_bsp.a(altera_avalon_jtag_uart_write.o)
 .data          0x00000000100058c0        0x0 ../video_bsp/\libhal_bsp.a(alt_alarm_start.o)
 .data          0x00000000100058c0        0x0 ../video_bsp/\libhal_bsp.a(alt_close.o)
 .data          0x00000000100058c0        0x0 ../video_bsp/\libhal_bsp.a(alt_dcache_flush_all.o)
 .data          0x00000000100058c0      0x1a8 ../video_bsp/\libhal_bsp.a(alt_dev.o)
                0x00000000100058c0                alt_dev_null
                0x00000000100058e8                alt_fd_list
 .data          0x0000000010005a68        0x0 ../video_bsp/\libhal_bsp.a(alt_dev_llist_insert.o)
 .data          0x0000000010005a68        0x0 ../video_bsp/\libhal_bsp.a(alt_do_ctors.o)
 .data          0x0000000010005a68        0x0 ../video_bsp/\libhal_bsp.a(alt_do_dtors.o)
 .data          0x0000000010005a68        0x0 ../video_bsp/\libhal_bsp.a(alt_errno.o)
 .data          0x0000000010005a68        0x0 ../video_bsp/\libhal_bsp.a(alt_icache_flush_all.o)
 .data          0x0000000010005a68        0x0 ../video_bsp/\libhal_bsp.a(alt_iic.o)
 .data          0x0000000010005a68        0x0 ../video_bsp/\libhal_bsp.a(alt_iic_isr_register.o)
 .data          0x0000000010005a68        0x0 ../video_bsp/\libhal_bsp.a(alt_io_redirect.o)
 .data          0x0000000010005a68        0x0 ../video_bsp/\libhal_bsp.a(alt_irq_entry.o)
 .data          0x0000000010005a68        0x0 ../video_bsp/\libhal_bsp.a(alt_irq_handler.o)
 .data          0x0000000010005a68        0x0 ../video_bsp/\libhal_bsp.a(alt_irq_vars.o)
 .data          0x0000000010005a68        0x0 ../video_bsp/\libhal_bsp.a(alt_open.o)
 .data          0x0000000010005a68        0x0 ../video_bsp/\libhal_bsp.a(alt_release_fd.o)
 .data          0x0000000010005a68        0x0 ../video_bsp/\libhal_bsp.a(alt_tick.o)
 .data          0x0000000010005a68        0x0 ../video_bsp/\libhal_bsp.a(altera_nios2_qsys_irq.o)
 .data          0x0000000010005a68        0x0 ../video_bsp/\libhal_bsp.a(alt_exception_entry.o)
 .data          0x0000000010005a68        0x0 ../video_bsp/\libhal_bsp.a(alt_find_dev.o)
 .data          0x0000000010005a68        0x0 ../video_bsp/\libhal_bsp.a(alt_find_file.o)
 .data          0x0000000010005a68        0x0 ../video_bsp/\libhal_bsp.a(alt_get_fd.o)
 .data          0x0000000010005a68        0x0 c:/altera/14.1/nios2eds/bin/gnu/h-x86_64-mingw32/bin/../lib/gcc/nios2-elf/4.8.3/../../../../../H-x86_64-mingw32/nios2-elf/lib/mno-hw-mul\libc.a(lib_a-atexit.o)
 .data          0x0000000010005a68        0x0 c:/altera/14.1/nios2eds/bin/gnu/h-x86_64-mingw32/bin/../lib/gcc/nios2-elf/4.8.3/../../../../../H-x86_64-mingw32/nios2-elf/lib/mno-hw-mul\libc.a(lib_a-exit.o)
 .data          0x0000000010005a68        0x0 c:/altera/14.1/nios2eds/bin/gnu/h-x86_64-mingw32/bin/../lib/gcc/nios2-elf/4.8.3/../../../../../H-x86_64-mingw32/nios2-elf/lib/mno-hw-mul\libc.a(lib_a-memcmp.o)
 .data          0x0000000010005a68        0x0 c:/altera/14.1/nios2eds/bin/gnu/h-x86_64-mingw32/bin/../lib/gcc/nios2-elf/4.8.3/../../../../../H-x86_64-mingw32/nios2-elf/lib/mno-hw-mul\libc.a(lib_a-memcpy.o)
 .data          0x0000000010005a68        0x0 c:/altera/14.1/nios2eds/bin/gnu/h-x86_64-mingw32/bin/../lib/gcc/nios2-elf/4.8.3/../../../../../H-x86_64-mingw32/nios2-elf/lib/mno-hw-mul\libc.a(lib_a-strlen.o)
 .data          0x0000000010005a68        0x0 c:/altera/14.1/nios2eds/bin/gnu/h-x86_64-mingw32/bin/../lib/gcc/nios2-elf/4.8.3/../../../../../H-x86_64-mingw32/nios2-elf/lib/mno-hw-mul\libc.a(lib_a-__atexit.o)
 .data          0x0000000010005a68        0x0 c:/altera/14.1/nios2eds/bin/gnu/h-x86_64-mingw32/bin/../lib/gcc/nios2-elf/4.8.3/../../../../../H-x86_64-mingw32/nios2-elf/lib/mno-hw-mul\libc.a(lib_a-__call_atexit.o)
 .data          0x0000000010005a68        0x0 c:/altera/14.1/nios2eds/bin/gnu/h-x86_64-mingw32/bin/../lib/gcc/nios2-elf/4.8.3/mno-hw-mul\libgcc.a(lib2-mul.o)
 .data          0x0000000010005a68        0x0 ../video_bsp/\libhal_bsp.a(alt_exit.o)
                0x000000001000da68                _gp = ABSOLUTE ((. + 0x8000))
                0x000000001000da68                PROVIDE (gp, _gp)
 *(.rwdata .rwdata.*)
 *(.sdata .sdata.* .gnu.linkonce.s.*)
 .sdata         0x0000000010005a68       0x14 obj/default/pio.o
                0x0000000010005a68                vga_vsync
                0x0000000010005a6c                gpu_instruction
                0x0000000010005a70                gpu_run
                0x0000000010005a74                gpu_ready
                0x0000000010005a78                gpu_sprite
 .sdata         0x0000000010005a7c        0x8 c:/altera/14.1/nios2eds/bin/gnu/h-x86_64-mingw32/bin/../lib/gcc/nios2-elf/4.8.3/../../../../../H-x86_64-mingw32/nios2-elf/lib/mno-hw-mul\libc.a(lib_a-mallocr.o)
                0x0000000010005a7c                __malloc_sbrk_base
                0x0000000010005a80                __malloc_trim_threshold
 .sdata         0x0000000010005a84        0x8 c:/altera/14.1/nios2eds/bin/gnu/h-x86_64-mingw32/bin/../lib/gcc/nios2-elf/4.8.3/../../../../../H-x86_64-mingw32/nios2-elf/lib/mno-hw-mul\libc.a(lib_a-impure.o)
                0x0000000010005a84                _global_impure_ptr
                0x0000000010005a88                _impure_ptr
 .sdata         0x0000000010005a8c        0x4 ../video_bsp/\libhal_bsp.a(alt_sbrk.o)
 .sdata         0x0000000010005a90       0x14 ../video_bsp/\libhal_bsp.a(alt_dev.o)
                0x0000000010005a90                alt_fs_list
                0x0000000010005a98                alt_dev_list
                0x0000000010005aa0                alt_max_fd
 .sdata         0x0000000010005aa4        0x4 ../video_bsp/\libhal_bsp.a(alt_errno.o)
                0x0000000010005aa4                alt_errno
 .sdata         0x0000000010005aa8        0x4 ../video_bsp/\libhal_bsp.a(alt_irq_vars.o)
                0x0000000010005aa8                alt_priority_mask
 .sdata         0x0000000010005aac        0x8 ../video_bsp/\libhal_bsp.a(alt_tick.o)
                0x0000000010005aac                alt_alarm_list
 *(.sdata2 .sdata2.* .gnu.linkonce.s2.*)
                0x0000000010005ab4                . = ALIGN (0x4)
                0x0000000010005ab4                _edata = ABSOLUTE (.)
                0x0000000010005ab4                PROVIDE (edata, ABSOLUTE (.))
                0x0000000010005ab4                PROVIDE (__ram_rwdata_end, ABSOLUTE (.))
                0x0000000010005ab4                PROVIDE (__flash_rwdata_start, LOADADDR (.rwdata))

.bss            0x0000000010007534      0x158
                0x0000000010007534                __bss_start = ABSOLUTE (.)
                0x0000000010007534                PROVIDE (__sbss_start, ABSOLUTE (.))
                0x0000000010007534                PROVIDE (___sbss_start, ABSOLUTE (.))
 *(.dynsbss)
 *(.sbss .sbss.* .gnu.linkonce.sb.*)
 .sbss          0x0000000010007534        0x8 obj/default/graphics.o
                0x0000000010007534                spriteTable
                0x0000000010007538                spriteIndex
 .sbss          0x000000001000753c        0xc c:/altera/14.1/nios2eds/bin/gnu/h-x86_64-mingw32/bin/../lib/gcc/nios2-elf/4.8.3/../../../../../H-x86_64-mingw32/nios2-elf/lib/mno-hw-mul\libc.a(lib_a-mallocr.o)
                0x000000001000753c                __malloc_max_total_mem
                0x0000000010007540                __malloc_max_sbrked_mem
                0x0000000010007544                __malloc_top_pad
 .sbss          0x0000000010007548        0x4 c:/altera/14.1/nios2eds/bin/gnu/h-x86_64-mingw32/bin/../lib/gcc/nios2-elf/4.8.3/../../../../../H-x86_64-mingw32/nios2-elf/lib/mno-hw-mul\libc.a(lib_a-int_errno.o)
                0x0000000010007548                errno
 .sbss          0x000000001000754c        0xc ../video_bsp/\libhal_bsp.a(alt_main.o)
                0x000000001000754c                alt_argc
                0x0000000010007550                alt_argv
                0x0000000010007554                alt_envp
 .sbss          0x0000000010007558        0x4 ../video_bsp/\libhal_bsp.a(alt_irq_vars.o)
                0x0000000010007558                alt_irq_active
 .sbss          0x000000001000755c        0x8 ../video_bsp/\libhal_bsp.a(alt_tick.o)
                0x000000001000755c                _alt_tick_rate
                0x0000000010007560                _alt_nticks
 *(.sbss2 .sbss2.* .gnu.linkonce.sb2.*)
 *(.scommon)
                0x0000000010007564                PROVIDE (__sbss_end, ABSOLUTE (.))
                0x0000000010007564                PROVIDE (___sbss_end, ABSOLUTE (.))
 *(.dynbss)
 *(.bss .bss.* .gnu.linkonce.b.*)
 .bss           0x0000000010007564        0x0 ../video_bsp//obj/HAL/src/crt0.o
 .bss           0x0000000010007564        0x0 obj/default/graphics.o
 .bss           0x0000000010007564        0x0 obj/default/main.o
 .bss           0x0000000010007564        0x0 obj/default/pio.o
 .bss           0x0000000010007564        0x0 c:/altera/14.1/nios2eds/bin/gnu/h-x86_64-mingw32/bin/../lib/gcc/nios2-elf/4.8.3/../../../../../H-x86_64-mingw32/nios2-elf/lib/mno-hw-mul\libc.a(lib_a-malloc.o)
 .bss           0x0000000010007564       0x28 c:/altera/14.1/nios2eds/bin/gnu/h-x86_64-mingw32/bin/../lib/gcc/nios2-elf/4.8.3/../../../../../H-x86_64-mingw32/nios2-elf/lib/mno-hw-mul\libc.a(lib_a-mallocr.o)
                0x0000000010007564                __malloc_current_mallinfo
 .bss           0x000000001000758c        0x0 c:/altera/14.1/nios2eds/bin/gnu/h-x86_64-mingw32/bin/../lib/gcc/nios2-elf/4.8.3/../../../../../H-x86_64-mingw32/nios2-elf/lib/mno-hw-mul\libc.a(lib_a-memset.o)
 .bss           0x000000001000758c        0x0 c:/altera/14.1/nios2eds/bin/gnu/h-x86_64-mingw32/bin/../lib/gcc/nios2-elf/4.8.3/../../../../../H-x86_64-mingw32/nios2-elf/lib/mno-hw-mul\libc.a(lib_a-sbrkr.o)
 .bss           0x000000001000758c        0x0 c:/altera/14.1/nios2eds/bin/gnu/h-x86_64-mingw32/bin/../lib/gcc/nios2-elf/4.8.3/../../../../../H-x86_64-mingw32/nios2-elf/lib/mno-hw-mul\libc.a(lib_a-freer.o)
 .bss           0x000000001000758c        0x0 c:/altera/14.1/nios2eds/bin/gnu/h-x86_64-mingw32/bin/../lib/gcc/nios2-elf/4.8.3/../../../../../H-x86_64-mingw32/nios2-elf/lib/mno-hw-mul\libc.a(lib_a-impure.o)
 .bss           0x000000001000758c        0x0 c:/altera/14.1/nios2eds/bin/gnu/h-x86_64-mingw32/bin/../lib/gcc/nios2-elf/4.8.3/../../../../../H-x86_64-mingw32/nios2-elf/lib/mno-hw-mul\libc.a(lib_a-int_errno.o)
 .bss           0x000000001000758c        0x0 ../video_bsp/\libhal_bsp.a(alt_load.o)
 .bss           0x000000001000758c        0x0 ../video_bsp/\libhal_bsp.a(alt_main.o)
 .bss           0x000000001000758c        0x0 ../video_bsp/\libhal_bsp.a(alt_malloc_lock.o)
 .bss           0x000000001000758c        0x0 ../video_bsp/\libhal_bsp.a(alt_sbrk.o)
 .bss           0x000000001000758c        0x0 ../video_bsp/\libhal_bsp.a(alt_sys_init.o)
 .bss           0x000000001000758c        0x0 ../video_bsp/\libhal_bsp.a(altera_avalon_jtag_uart_fd.o)
 .bss           0x000000001000758c        0x0 ../video_bsp/\libhal_bsp.a(altera_avalon_jtag_uart_init.o)
 .bss           0x000000001000758c        0x0 ../video_bsp/\libhal_bsp.a(altera_avalon_jtag_uart_ioctl.o)
 .bss           0x000000001000758c        0x0 ../video_bsp/\libhal_bsp.a(altera_avalon_jtag_uart_read.o)
 .bss           0x000000001000758c        0x0 ../video_bsp/\libhal_bsp.a(altera_avalon_jtag_uart_write.o)
 .bss           0x000000001000758c        0x0 ../video_bsp/\libhal_bsp.a(alt_alarm_start.o)
 .bss           0x000000001000758c        0x0 ../video_bsp/\libhal_bsp.a(alt_close.o)
 .bss           0x000000001000758c        0x0 ../video_bsp/\libhal_bsp.a(alt_dcache_flush_all.o)
 .bss           0x000000001000758c        0x0 ../video_bsp/\libhal_bsp.a(alt_dev.o)
 .bss           0x000000001000758c        0x0 ../video_bsp/\libhal_bsp.a(alt_dev_llist_insert.o)
 .bss           0x000000001000758c        0x0 ../video_bsp/\libhal_bsp.a(alt_do_ctors.o)
 .bss           0x000000001000758c        0x0 ../video_bsp/\libhal_bsp.a(alt_do_dtors.o)
 .bss           0x000000001000758c        0x0 ../video_bsp/\libhal_bsp.a(alt_errno.o)
 .bss           0x000000001000758c        0x0 ../video_bsp/\libhal_bsp.a(alt_icache_flush_all.o)
 .bss           0x000000001000758c        0x0 ../video_bsp/\libhal_bsp.a(alt_iic.o)
 .bss           0x000000001000758c        0x0 ../video_bsp/\libhal_bsp.a(alt_iic_isr_register.o)
 .bss           0x000000001000758c        0x0 ../video_bsp/\libhal_bsp.a(alt_io_redirect.o)
 .bss           0x000000001000758c        0x0 ../video_bsp/\libhal_bsp.a(alt_irq_entry.o)
 .bss           0x000000001000758c        0x0 ../video_bsp/\libhal_bsp.a(alt_irq_handler.o)
 .bss           0x000000001000758c        0x0 ../video_bsp/\libhal_bsp.a(alt_irq_vars.o)
 .bss           0x000000001000758c        0x0 ../video_bsp/\libhal_bsp.a(alt_open.o)
 .bss           0x000000001000758c        0x0 ../video_bsp/\libhal_bsp.a(alt_release_fd.o)
 .bss           0x000000001000758c        0x0 ../video_bsp/\libhal_bsp.a(alt_tick.o)
 .bss           0x000000001000758c        0x0 ../video_bsp/\libhal_bsp.a(altera_nios2_qsys_irq.o)
 .bss           0x000000001000758c        0x0 ../video_bsp/\libhal_bsp.a(alt_exception_entry.o)
 .bss           0x000000001000758c        0x0 ../video_bsp/\libhal_bsp.a(alt_find_dev.o)
 .bss           0x000000001000758c        0x0 ../video_bsp/\libhal_bsp.a(alt_find_file.o)
 .bss           0x000000001000758c        0x0 ../video_bsp/\libhal_bsp.a(alt_get_fd.o)
 .bss           0x000000001000758c        0x0 c:/altera/14.1/nios2eds/bin/gnu/h-x86_64-mingw32/bin/../lib/gcc/nios2-elf/4.8.3/../../../../../H-x86_64-mingw32/nios2-elf/lib/mno-hw-mul\libc.a(lib_a-atexit.o)
 .bss           0x000000001000758c        0x0 c:/altera/14.1/nios2eds/bin/gnu/h-x86_64-mingw32/bin/../lib/gcc/nios2-elf/4.8.3/../../../../../H-x86_64-mingw32/nios2-elf/lib/mno-hw-mul\libc.a(lib_a-exit.o)
 .bss           0x000000001000758c        0x0 c:/altera/14.1/nios2eds/bin/gnu/h-x86_64-mingw32/bin/../lib/gcc/nios2-elf/4.8.3/../../../../../H-x86_64-mingw32/nios2-elf/lib/mno-hw-mul\libc.a(lib_a-memcmp.o)
 .bss           0x000000001000758c        0x0 c:/altera/14.1/nios2eds/bin/gnu/h-x86_64-mingw32/bin/../lib/gcc/nios2-elf/4.8.3/../../../../../H-x86_64-mingw32/nios2-elf/lib/mno-hw-mul\libc.a(lib_a-memcpy.o)
 .bss           0x000000001000758c        0x0 c:/altera/14.1/nios2eds/bin/gnu/h-x86_64-mingw32/bin/../lib/gcc/nios2-elf/4.8.3/../../../../../H-x86_64-mingw32/nios2-elf/lib/mno-hw-mul\libc.a(lib_a-strlen.o)
 .bss           0x000000001000758c        0x0 c:/altera/14.1/nios2eds/bin/gnu/h-x86_64-mingw32/bin/../lib/gcc/nios2-elf/4.8.3/../../../../../H-x86_64-mingw32/nios2-elf/lib/mno-hw-mul\libc.a(lib_a-__atexit.o)
 .bss           0x000000001000758c        0x0 c:/altera/14.1/nios2eds/bin/gnu/h-x86_64-mingw32/bin/../lib/gcc/nios2-elf/4.8.3/../../../../../H-x86_64-mingw32/nios2-elf/lib/mno-hw-mul\libc.a(lib_a-__call_atexit.o)
 .bss           0x000000001000758c        0x0 c:/altera/14.1/nios2eds/bin/gnu/h-x86_64-mingw32/bin/../lib/gcc/nios2-elf/4.8.3/mno-hw-mul\libgcc.a(lib2-mul.o)
 .bss           0x000000001000758c        0x0 ../video_bsp/\libhal_bsp.a(alt_exit.o)
 *(COMMON)
 COMMON         0x000000001000758c      0x100 ../video_bsp/\libhal_bsp.a(alt_irq_handler.o)
                0x000000001000758c                alt_irq
                0x000000001000768c                . = ALIGN (0x4)
                0x000000001000768c                __bss_end = ABSOLUTE (.)

.onchip_memory2_0
                0x0000000000000000        0x0 load address 0x000000001000768c
                0x0000000000000000                PROVIDE (_alt_partition_onchip_memory2_0_start, ABSOLUTE (.))
 *(.onchip_memory2_0 .onchip_memory2_0. onchip_memory2_0.*)
                0x0000000000000000                . = ALIGN (0x4)
                0x0000000000000000                PROVIDE (_alt_partition_onchip_memory2_0_end, ABSOLUTE (.))
                0x000000001000768c                PROVIDE (_alt_partition_onchip_memory2_0_load_addr, LOADADDR (.onchip_memory2_0))

.sdram          0x000000001000768c        0x0
                0x000000001000768c                PROVIDE (_alt_partition_sdram_start, ABSOLUTE (.))
 *(.sdram .sdram. sdram.*)
                0x000000001000768c                . = ALIGN (0x4)
                0x000000001000768c                PROVIDE (_alt_partition_sdram_end, ABSOLUTE (.))
                0x000000001000768c                _end = ABSOLUTE (.)
                0x000000001000768c                end = ABSOLUTE (.)
                0x000000001000768c                __alt_stack_base = ABSOLUTE (.)
                0x000000001000768c                PROVIDE (_alt_partition_sdram_load_addr, LOADADDR (.sdram))

.stab
 *(.stab)

.stabstr
 *(.stabstr)

.stab.excl
 *(.stab.excl)

.stab.exclstr
 *(.stab.exclstr)

.stab.index
 *(.stab.index)

.stab.indexstr
 *(.stab.indexstr)

.comment        0x0000000000000000       0x39
 *(.comment)
 .comment       0x0000000000000000       0x39 obj/default/graphics.o
                                         0x3a (size before relaxing)
 .comment       0x0000000000000000       0x3a obj/default/main.o
 .comment       0x0000000000000000       0x3a obj/default/pio.o
 .comment       0x0000000000000000       0x3a c:/altera/14.1/nios2eds/bin/gnu/h-x86_64-mingw32/bin/../lib/gcc/nios2-elf/4.8.3/../../../../../H-x86_64-mingw32/nios2-elf/lib/mno-hw-mul\libc.a(lib_a-malloc.o)
 .comment       0x0000000000000000       0x3a c:/altera/14.1/nios2eds/bin/gnu/h-x86_64-mingw32/bin/../lib/gcc/nios2-elf/4.8.3/../../../../../H-x86_64-mingw32/nios2-elf/lib/mno-hw-mul\libc.a(lib_a-mallocr.o)
 .comment       0x0000000000000000       0x3a c:/altera/14.1/nios2eds/bin/gnu/h-x86_64-mingw32/bin/../lib/gcc/nios2-elf/4.8.3/../../../../../H-x86_64-mingw32/nios2-elf/lib/mno-hw-mul\libc.a(lib_a-memset.o)
 .comment       0x0000000000000000       0x3a c:/altera/14.1/nios2eds/bin/gnu/h-x86_64-mingw32/bin/../lib/gcc/nios2-elf/4.8.3/../../../../../H-x86_64-mingw32/nios2-elf/lib/mno-hw-mul\libc.a(lib_a-sbrkr.o)
 .comment       0x0000000000000000       0x3a c:/altera/14.1/nios2eds/bin/gnu/h-x86_64-mingw32/bin/../lib/gcc/nios2-elf/4.8.3/../../../../../H-x86_64-mingw32/nios2-elf/lib/mno-hw-mul\libc.a(lib_a-freer.o)
 .comment       0x0000000000000000       0x3a c:/altera/14.1/nios2eds/bin/gnu/h-x86_64-mingw32/bin/../lib/gcc/nios2-elf/4.8.3/../../../../../H-x86_64-mingw32/nios2-elf/lib/mno-hw-mul\libc.a(lib_a-impure.o)
 .comment       0x0000000000000000       0x3a c:/altera/14.1/nios2eds/bin/gnu/h-x86_64-mingw32/bin/../lib/gcc/nios2-elf/4.8.3/../../../../../H-x86_64-mingw32/nios2-elf/lib/mno-hw-mul\libc.a(lib_a-int_errno.o)
 .comment       0x0000000000000000       0x3a ../video_bsp/\libhal_bsp.a(alt_load.o)
 .comment       0x0000000000000000       0x3a ../video_bsp/\libhal_bsp.a(alt_main.o)
 .comment       0x0000000000000000       0x3a ../video_bsp/\libhal_bsp.a(alt_malloc_lock.o)
 .comment       0x0000000000000000       0x3a ../video_bsp/\libhal_bsp.a(alt_sbrk.o)
 .comment       0x0000000000000000       0x3a ../video_bsp/\libhal_bsp.a(alt_sys_init.o)
 .comment       0x0000000000000000       0x3a ../video_bsp/\libhal_bsp.a(altera_avalon_jtag_uart_fd.o)
 .comment       0x0000000000000000       0x3a ../video_bsp/\libhal_bsp.a(altera_avalon_jtag_uart_init.o)
 .comment       0x0000000000000000       0x3a ../video_bsp/\libhal_bsp.a(altera_avalon_jtag_uart_ioctl.o)
 .comment       0x0000000000000000       0x3a ../video_bsp/\libhal_bsp.a(altera_avalon_jtag_uart_read.o)
 .comment       0x0000000000000000       0x3a ../video_bsp/\libhal_bsp.a(altera_avalon_jtag_uart_write.o)
 .comment       0x0000000000000000       0x3a ../video_bsp/\libhal_bsp.a(alt_alarm_start.o)
 .comment       0x0000000000000000       0x3a ../video_bsp/\libhal_bsp.a(alt_close.o)
 .comment       0x0000000000000000       0x3a ../video_bsp/\libhal_bsp.a(alt_dcache_flush_all.o)
 .comment       0x0000000000000000       0x3a ../video_bsp/\libhal_bsp.a(alt_dev.o)
 .comment       0x0000000000000000       0x3a ../video_bsp/\libhal_bsp.a(alt_dev_llist_insert.o)
 .comment       0x0000000000000000       0x3a ../video_bsp/\libhal_bsp.a(alt_do_ctors.o)
 .comment       0x0000000000000000       0x3a ../video_bsp/\libhal_bsp.a(alt_do_dtors.o)
 .comment       0x0000000000000000       0x3a ../video_bsp/\libhal_bsp.a(alt_errno.o)
 .comment       0x0000000000000000       0x3a ../video_bsp/\libhal_bsp.a(alt_icache_flush_all.o)
 .comment       0x0000000000000000       0x3a ../video_bsp/\libhal_bsp.a(alt_iic.o)
 .comment       0x0000000000000000       0x3a ../video_bsp/\libhal_bsp.a(alt_iic_isr_register.o)
 .comment       0x0000000000000000       0x3a ../video_bsp/\libhal_bsp.a(alt_io_redirect.o)
 .comment       0x0000000000000000       0x3a ../video_bsp/\libhal_bsp.a(alt_irq_handler.o)
 .comment       0x0000000000000000       0x3a ../video_bsp/\libhal_bsp.a(alt_irq_vars.o)
 .comment       0x0000000000000000       0x3a ../video_bsp/\libhal_bsp.a(alt_open.o)
 .comment       0x0000000000000000       0x3a ../video_bsp/\libhal_bsp.a(alt_release_fd.o)
 .comment       0x0000000000000000       0x3a ../video_bsp/\libhal_bsp.a(alt_tick.o)
 .comment       0x0000000000000000       0x3a ../video_bsp/\libhal_bsp.a(altera_nios2_qsys_irq.o)
 .comment       0x0000000000000000       0x3a ../video_bsp/\libhal_bsp.a(alt_find_dev.o)
 .comment       0x0000000000000000       0x3a ../video_bsp/\libhal_bsp.a(alt_find_file.o)
 .comment       0x0000000000000000       0x3a ../video_bsp/\libhal_bsp.a(alt_get_fd.o)
 .comment       0x0000000000000000       0x3a c:/altera/14.1/nios2eds/bin/gnu/h-x86_64-mingw32/bin/../lib/gcc/nios2-elf/4.8.3/../../../../../H-x86_64-mingw32/nios2-elf/lib/mno-hw-mul\libc.a(lib_a-atexit.o)
 .comment       0x0000000000000000       0x3a c:/altera/14.1/nios2eds/bin/gnu/h-x86_64-mingw32/bin/../lib/gcc/nios2-elf/4.8.3/../../../../../H-x86_64-mingw32/nios2-elf/lib/mno-hw-mul\libc.a(lib_a-exit.o)
 .comment       0x0000000000000000       0x3a c:/altera/14.1/nios2eds/bin/gnu/h-x86_64-mingw32/bin/../lib/gcc/nios2-elf/4.8.3/../../../../../H-x86_64-mingw32/nios2-elf/lib/mno-hw-mul\libc.a(lib_a-memcmp.o)
 .comment       0x0000000000000000       0x3a c:/altera/14.1/nios2eds/bin/gnu/h-x86_64-mingw32/bin/../lib/gcc/nios2-elf/4.8.3/../../../../../H-x86_64-mingw32/nios2-elf/lib/mno-hw-mul\libc.a(lib_a-memcpy.o)
 .comment       0x0000000000000000       0x3a c:/altera/14.1/nios2eds/bin/gnu/h-x86_64-mingw32/bin/../lib/gcc/nios2-elf/4.8.3/../../../../../H-x86_64-mingw32/nios2-elf/lib/mno-hw-mul\libc.a(lib_a-strlen.o)
 .comment       0x0000000000000000       0x3a c:/altera/14.1/nios2eds/bin/gnu/h-x86_64-mingw32/bin/../lib/gcc/nios2-elf/4.8.3/../../../../../H-x86_64-mingw32/nios2-elf/lib/mno-hw-mul\libc.a(lib_a-__atexit.o)
 .comment       0x0000000000000000       0x3a c:/altera/14.1/nios2eds/bin/gnu/h-x86_64-mingw32/bin/../lib/gcc/nios2-elf/4.8.3/../../../../../H-x86_64-mingw32/nios2-elf/lib/mno-hw-mul\libc.a(lib_a-__call_atexit.o)
 .comment       0x0000000000000000       0x3a c:/altera/14.1/nios2eds/bin/gnu/h-x86_64-mingw32/bin/../lib/gcc/nios2-elf/4.8.3/mno-hw-mul\libgcc.a(lib2-mul.o)
 .comment       0x0000000000000000       0x3a ../video_bsp/\libhal_bsp.a(alt_exit.o)

.debug
 *(.debug)

.line
 *(.line)

.debug_srcinfo
 *(.debug_srcinfo)

.debug_sfnames
 *(.debug_sfnames)

.debug_aranges  0x0000000000000000      0x6b0
 *(.debug_aranges)
 .debug_aranges
                0x0000000000000000       0x28 ../video_bsp//obj/HAL/src/crt0.o
 .debug_aranges
                0x0000000000000028       0x20 obj/default/graphics.o
 .debug_aranges
                0x0000000000000048       0x28 obj/default/main.o
 .debug_aranges
                0x0000000000000070       0x18 obj/default/pio.o
 .debug_aranges
                0x0000000000000088       0x20 c:/altera/14.1/nios2eds/bin/gnu/h-x86_64-mingw32/bin/../lib/gcc/nios2-elf/4.8.3/../../../../../H-x86_64-mingw32/nios2-elf/lib/mno-hw-mul\libc.a(lib_a-malloc.o)
 .debug_aranges
                0x00000000000000a8       0x20 c:/altera/14.1/nios2eds/bin/gnu/h-x86_64-mingw32/bin/../lib/gcc/nios2-elf/4.8.3/../../../../../H-x86_64-mingw32/nios2-elf/lib/mno-hw-mul\libc.a(lib_a-mallocr.o)
 .debug_aranges
                0x00000000000000c8       0x20 c:/altera/14.1/nios2eds/bin/gnu/h-x86_64-mingw32/bin/../lib/gcc/nios2-elf/4.8.3/../../../../../H-x86_64-mingw32/nios2-elf/lib/mno-hw-mul\libc.a(lib_a-memset.o)
 .debug_aranges
                0x00000000000000e8       0x20 c:/altera/14.1/nios2eds/bin/gnu/h-x86_64-mingw32/bin/../lib/gcc/nios2-elf/4.8.3/../../../../../H-x86_64-mingw32/nios2-elf/lib/mno-hw-mul\libc.a(lib_a-sbrkr.o)
 .debug_aranges
                0x0000000000000108       0x20 c:/altera/14.1/nios2eds/bin/gnu/h-x86_64-mingw32/bin/../lib/gcc/nios2-elf/4.8.3/../../../../../H-x86_64-mingw32/nios2-elf/lib/mno-hw-mul\libc.a(lib_a-freer.o)
 .debug_aranges
                0x0000000000000128       0x18 c:/altera/14.1/nios2eds/bin/gnu/h-x86_64-mingw32/bin/../lib/gcc/nios2-elf/4.8.3/../../../../../H-x86_64-mingw32/nios2-elf/lib/mno-hw-mul\libc.a(lib_a-impure.o)
 .debug_aranges
                0x0000000000000140       0x18 c:/altera/14.1/nios2eds/bin/gnu/h-x86_64-mingw32/bin/../lib/gcc/nios2-elf/4.8.3/../../../../../H-x86_64-mingw32/nios2-elf/lib/mno-hw-mul\libc.a(lib_a-int_errno.o)
 .debug_aranges
                0x0000000000000158       0x20 ../video_bsp/\libhal_bsp.a(alt_load.o)
 .debug_aranges
                0x0000000000000178       0x20 ../video_bsp/\libhal_bsp.a(alt_main.o)
 .debug_aranges
                0x0000000000000198       0x20 ../video_bsp/\libhal_bsp.a(alt_malloc_lock.o)
 .debug_aranges
                0x00000000000001b8       0x20 ../video_bsp/\libhal_bsp.a(alt_sbrk.o)
 .debug_aranges
                0x00000000000001d8       0x20 ../video_bsp/\libhal_bsp.a(alt_sys_init.o)
 .debug_aranges
                0x00000000000001f8       0x20 ../video_bsp/\libhal_bsp.a(altera_avalon_jtag_uart_fd.o)
 .debug_aranges
                0x0000000000000218       0x20 ../video_bsp/\libhal_bsp.a(altera_avalon_jtag_uart_init.o)
 .debug_aranges
                0x0000000000000238       0x20 ../video_bsp/\libhal_bsp.a(altera_avalon_jtag_uart_ioctl.o)
 .debug_aranges
                0x0000000000000258       0x20 ../video_bsp/\libhal_bsp.a(altera_avalon_jtag_uart_read.o)
 .debug_aranges
                0x0000000000000278       0x20 ../video_bsp/\libhal_bsp.a(altera_avalon_jtag_uart_write.o)
 .debug_aranges
                0x0000000000000298       0x20 ../video_bsp/\libhal_bsp.a(alt_alarm_start.o)
 .debug_aranges
                0x00000000000002b8       0x20 ../video_bsp/\libhal_bsp.a(alt_close.o)
 .debug_aranges
                0x00000000000002d8       0x20 ../video_bsp/\libhal_bsp.a(alt_dcache_flush_all.o)
 .debug_aranges
                0x00000000000002f8       0x20 ../video_bsp/\libhal_bsp.a(alt_dev.o)
 .debug_aranges
                0x0000000000000318       0x20 ../video_bsp/\libhal_bsp.a(alt_dev_llist_insert.o)
 .debug_aranges
                0x0000000000000338       0x20 ../video_bsp/\libhal_bsp.a(alt_do_ctors.o)
 .debug_aranges
                0x0000000000000358       0x20 ../video_bsp/\libhal_bsp.a(alt_do_dtors.o)
 .debug_aranges
                0x0000000000000378       0x18 ../video_bsp/\libhal_bsp.a(alt_errno.o)
 .debug_aranges
                0x0000000000000390       0x20 ../video_bsp/\libhal_bsp.a(alt_icache_flush_all.o)
 .debug_aranges
                0x00000000000003b0       0x20 ../video_bsp/\libhal_bsp.a(alt_iic.o)
 .debug_aranges
                0x00000000000003d0       0x20 ../video_bsp/\libhal_bsp.a(alt_iic_isr_register.o)
 .debug_aranges
                0x00000000000003f0       0x20 ../video_bsp/\libhal_bsp.a(alt_io_redirect.o)
 .debug_aranges
                0x0000000000000410       0x30 ../video_bsp/\libhal_bsp.a(alt_irq_entry.o)
 .debug_aranges
                0x0000000000000440       0x20 ../video_bsp/\libhal_bsp.a(alt_irq_handler.o)
 .debug_aranges
                0x0000000000000460       0x18 ../video_bsp/\libhal_bsp.a(alt_irq_vars.o)
 .debug_aranges
                0x0000000000000478       0x20 ../video_bsp/\libhal_bsp.a(alt_open.o)
 .debug_aranges
                0x0000000000000498       0x20 ../video_bsp/\libhal_bsp.a(alt_release_fd.o)
 .debug_aranges
                0x00000000000004b8       0x20 ../video_bsp/\libhal_bsp.a(alt_tick.o)
 .debug_aranges
                0x00000000000004d8       0x20 ../video_bsp/\libhal_bsp.a(altera_nios2_qsys_irq.o)
 .debug_aranges
                0x00000000000004f8       0x38 ../video_bsp/\libhal_bsp.a(alt_exception_entry.o)
 .debug_aranges
                0x0000000000000530       0x20 ../video_bsp/\libhal_bsp.a(alt_find_dev.o)
 .debug_aranges
                0x0000000000000550       0x20 ../video_bsp/\libhal_bsp.a(alt_find_file.o)
 .debug_aranges
                0x0000000000000570       0x20 ../video_bsp/\libhal_bsp.a(alt_get_fd.o)
 .debug_aranges
                0x0000000000000590       0x20 c:/altera/14.1/nios2eds/bin/gnu/h-x86_64-mingw32/bin/../lib/gcc/nios2-elf/4.8.3/../../../../../H-x86_64-mingw32/nios2-elf/lib/mno-hw-mul\libc.a(lib_a-atexit.o)
 .debug_aranges
                0x00000000000005b0       0x20 c:/altera/14.1/nios2eds/bin/gnu/h-x86_64-mingw32/bin/../lib/gcc/nios2-elf/4.8.3/../../../../../H-x86_64-mingw32/nios2-elf/lib/mno-hw-mul\libc.a(lib_a-exit.o)
 .debug_aranges
                0x00000000000005d0       0x20 c:/altera/14.1/nios2eds/bin/gnu/h-x86_64-mingw32/bin/../lib/gcc/nios2-elf/4.8.3/../../../../../H-x86_64-mingw32/nios2-elf/lib/mno-hw-mul\libc.a(lib_a-memcmp.o)
 .debug_aranges
                0x00000000000005f0       0x20 c:/altera/14.1/nios2eds/bin/gnu/h-x86_64-mingw32/bin/../lib/gcc/nios2-elf/4.8.3/../../../../../H-x86_64-mingw32/nios2-elf/lib/mno-hw-mul\libc.a(lib_a-memcpy.o)
 .debug_aranges
                0x0000000000000610       0x20 c:/altera/14.1/nios2eds/bin/gnu/h-x86_64-mingw32/bin/../lib/gcc/nios2-elf/4.8.3/../../../../../H-x86_64-mingw32/nios2-elf/lib/mno-hw-mul\libc.a(lib_a-strlen.o)
 .debug_aranges
                0x0000000000000630       0x20 c:/altera/14.1/nios2eds/bin/gnu/h-x86_64-mingw32/bin/../lib/gcc/nios2-elf/4.8.3/../../../../../H-x86_64-mingw32/nios2-elf/lib/mno-hw-mul\libc.a(lib_a-__atexit.o)
 .debug_aranges
                0x0000000000000650       0x20 c:/altera/14.1/nios2eds/bin/gnu/h-x86_64-mingw32/bin/../lib/gcc/nios2-elf/4.8.3/../../../../../H-x86_64-mingw32/nios2-elf/lib/mno-hw-mul\libc.a(lib_a-__call_atexit.o)
 .debug_aranges
                0x0000000000000670       0x20 c:/altera/14.1/nios2eds/bin/gnu/h-x86_64-mingw32/bin/../lib/gcc/nios2-elf/4.8.3/mno-hw-mul\libgcc.a(lib2-mul.o)
 .debug_aranges
                0x0000000000000690       0x20 ../video_bsp/\libhal_bsp.a(alt_exit.o)

.debug_pubnames
 *(.debug_pubnames)

.debug_info     0x0000000000000000     0xaf63
 *(.debug_info .gnu.linkonce.wi.*)
 .debug_info    0x0000000000000000       0x57 ../video_bsp//obj/HAL/src/crt0.o
 .debug_info    0x0000000000000057      0x510 obj/default/graphics.o
 .debug_info    0x0000000000000567      0x192 obj/default/main.o
 .debug_info    0x00000000000006f9       0xa8 obj/default/pio.o
 .debug_info    0x00000000000007a1      0x910 c:/altera/14.1/nios2eds/bin/gnu/h-x86_64-mingw32/bin/../lib/gcc/nios2-elf/4.8.3/../../../../../H-x86_64-mingw32/nios2-elf/lib/mno-hw-mul\libc.a(lib_a-malloc.o)
 .debug_info    0x00000000000010b1      0xd7c c:/altera/14.1/nios2eds/bin/gnu/h-x86_64-mingw32/bin/../lib/gcc/nios2-elf/4.8.3/../../../../../H-x86_64-mingw32/nios2-elf/lib/mno-hw-mul\libc.a(lib_a-mallocr.o)
 .debug_info    0x0000000000001e2d      0x11a c:/altera/14.1/nios2eds/bin/gnu/h-x86_64-mingw32/bin/../lib/gcc/nios2-elf/4.8.3/../../../../../H-x86_64-mingw32/nios2-elf/lib/mno-hw-mul\libc.a(lib_a-memset.o)
 .debug_info    0x0000000000001f47      0x8ef c:/altera/14.1/nios2eds/bin/gnu/h-x86_64-mingw32/bin/../lib/gcc/nios2-elf/4.8.3/../../../../../H-x86_64-mingw32/nios2-elf/lib/mno-hw-mul\libc.a(lib_a-sbrkr.o)
 .debug_info    0x0000000000002836      0xc17 c:/altera/14.1/nios2eds/bin/gnu/h-x86_64-mingw32/bin/../lib/gcc/nios2-elf/4.8.3/../../../../../H-x86_64-mingw32/nios2-elf/lib/mno-hw-mul\libc.a(lib_a-freer.o)
 .debug_info    0x000000000000344d      0x88f c:/altera/14.1/nios2eds/bin/gnu/h-x86_64-mingw32/bin/../lib/gcc/nios2-elf/4.8.3/../../../../../H-x86_64-mingw32/nios2-elf/lib/mno-hw-mul\libc.a(lib_a-impure.o)
 .debug_info    0x0000000000003cdc       0x83 c:/altera/14.1/nios2eds/bin/gnu/h-x86_64-mingw32/bin/../lib/gcc/nios2-elf/4.8.3/../../../../../H-x86_64-mingw32/nios2-elf/lib/mno-hw-mul\libc.a(lib_a-int_errno.o)
 .debug_info    0x0000000000003d5f      0x13e ../video_bsp/\libhal_bsp.a(alt_load.o)
 .debug_info    0x0000000000003e9d      0x12a ../video_bsp/\libhal_bsp.a(alt_main.o)
 .debug_info    0x0000000000003fc7      0x89f ../video_bsp/\libhal_bsp.a(alt_malloc_lock.o)
 .debug_info    0x0000000000004866      0x1a5 ../video_bsp/\libhal_bsp.a(alt_sbrk.o)
 .debug_info    0x0000000000004a0b      0x4bc ../video_bsp/\libhal_bsp.a(alt_sys_init.o)
 .debug_info    0x0000000000004ec7      0x527 ../video_bsp/\libhal_bsp.a(altera_avalon_jtag_uart_fd.o)
 .debug_info    0x00000000000053ee      0x3a1 ../video_bsp/\libhal_bsp.a(altera_avalon_jtag_uart_init.o)
 .debug_info    0x000000000000578f      0x279 ../video_bsp/\libhal_bsp.a(altera_avalon_jtag_uart_ioctl.o)
 .debug_info    0x0000000000005a08      0x342 ../video_bsp/\libhal_bsp.a(altera_avalon_jtag_uart_read.o)
 .debug_info    0x0000000000005d4a      0x339 ../video_bsp/\libhal_bsp.a(altera_avalon_jtag_uart_write.o)
 .debug_info    0x0000000000006083      0x2c5 ../video_bsp/\libhal_bsp.a(alt_alarm_start.o)
 .debug_info    0x0000000000006348      0x31a ../video_bsp/\libhal_bsp.a(alt_close.o)
 .debug_info    0x0000000000006662       0x8b ../video_bsp/\libhal_bsp.a(alt_dcache_flush_all.o)
 .debug_info    0x00000000000066ed      0x495 ../video_bsp/\libhal_bsp.a(alt_dev.o)
 .debug_info    0x0000000000006b82      0x1a2 ../video_bsp/\libhal_bsp.a(alt_dev_llist_insert.o)
 .debug_info    0x0000000000006d24       0x83 ../video_bsp/\libhal_bsp.a(alt_do_ctors.o)
 .debug_info    0x0000000000006da7       0x83 ../video_bsp/\libhal_bsp.a(alt_do_dtors.o)
 .debug_info    0x0000000000006e2a       0x9f ../video_bsp/\libhal_bsp.a(alt_errno.o)
 .debug_info    0x0000000000006ec9       0x8b ../video_bsp/\libhal_bsp.a(alt_icache_flush_all.o)
 .debug_info    0x0000000000006f54      0x349 ../video_bsp/\libhal_bsp.a(alt_iic.o)
 .debug_info    0x000000000000729d      0x1e8 ../video_bsp/\libhal_bsp.a(alt_iic_isr_register.o)
 .debug_info    0x0000000000007485      0x49e ../video_bsp/\libhal_bsp.a(alt_io_redirect.o)
 .debug_info    0x0000000000007923       0x60 ../video_bsp/\libhal_bsp.a(alt_irq_entry.o)
 .debug_info    0x0000000000007983      0x180 ../video_bsp/\libhal_bsp.a(alt_irq_handler.o)
 .debug_info    0x0000000000007b03       0x88 ../video_bsp/\libhal_bsp.a(alt_irq_vars.o)
 .debug_info    0x0000000000007b8b      0x3b4 ../video_bsp/\libhal_bsp.a(alt_open.o)
 .debug_info    0x0000000000007f3f      0x2b0 ../video_bsp/\libhal_bsp.a(alt_release_fd.o)
 .debug_info    0x00000000000081ef      0x292 ../video_bsp/\libhal_bsp.a(alt_tick.o)
 .debug_info    0x0000000000008481       0x8b ../video_bsp/\libhal_bsp.a(altera_nios2_qsys_irq.o)
 .debug_info    0x000000000000850c       0x66 ../video_bsp/\libhal_bsp.a(alt_exception_entry.o)
 .debug_info    0x0000000000008572      0x2e2 ../video_bsp/\libhal_bsp.a(alt_find_dev.o)
 .debug_info    0x0000000000008854      0x2df ../video_bsp/\libhal_bsp.a(alt_find_file.o)
 .debug_info    0x0000000000008b33      0x309 ../video_bsp/\libhal_bsp.a(alt_get_fd.o)
 .debug_info    0x0000000000008e3c      0x10a c:/altera/14.1/nios2eds/bin/gnu/h-x86_64-mingw32/bin/../lib/gcc/nios2-elf/4.8.3/../../../../../H-x86_64-mingw32/nios2-elf/lib/mno-hw-mul\libc.a(lib_a-atexit.o)
 .debug_info    0x0000000000008f46      0x8df c:/altera/14.1/nios2eds/bin/gnu/h-x86_64-mingw32/bin/../lib/gcc/nios2-elf/4.8.3/../../../../../H-x86_64-mingw32/nios2-elf/lib/mno-hw-mul\libc.a(lib_a-exit.o)
 .debug_info    0x0000000000009825      0x113 c:/altera/14.1/nios2eds/bin/gnu/h-x86_64-mingw32/bin/../lib/gcc/nios2-elf/4.8.3/../../../../../H-x86_64-mingw32/nios2-elf/lib/mno-hw-mul\libc.a(lib_a-memcmp.o)
 .debug_info    0x0000000000009938      0x133 c:/altera/14.1/nios2eds/bin/gnu/h-x86_64-mingw32/bin/../lib/gcc/nios2-elf/4.8.3/../../../../../H-x86_64-mingw32/nios2-elf/lib/mno-hw-mul\libc.a(lib_a-memcpy.o)
 .debug_info    0x0000000000009a6b       0xdb c:/altera/14.1/nios2eds/bin/gnu/h-x86_64-mingw32/bin/../lib/gcc/nios2-elf/4.8.3/../../../../../H-x86_64-mingw32/nios2-elf/lib/mno-hw-mul\libc.a(lib_a-strlen.o)
 .debug_info    0x0000000000009b46      0x93b c:/altera/14.1/nios2eds/bin/gnu/h-x86_64-mingw32/bin/../lib/gcc/nios2-elf/4.8.3/../../../../../H-x86_64-mingw32/nios2-elf/lib/mno-hw-mul\libc.a(lib_a-__atexit.o)
 .debug_info    0x000000000000a481      0x949 c:/altera/14.1/nios2eds/bin/gnu/h-x86_64-mingw32/bin/../lib/gcc/nios2-elf/4.8.3/../../../../../H-x86_64-mingw32/nios2-elf/lib/mno-hw-mul\libc.a(lib_a-__call_atexit.o)
 .debug_info    0x000000000000adca       0xb4 c:/altera/14.1/nios2eds/bin/gnu/h-x86_64-mingw32/bin/../lib/gcc/nios2-elf/4.8.3/mno-hw-mul\libgcc.a(lib2-mul.o)
 .debug_info    0x000000000000ae7e       0xe5 ../video_bsp/\libhal_bsp.a(alt_exit.o)

.debug_abbrev   0x0000000000000000     0x36f8
 *(.debug_abbrev)
 .debug_abbrev  0x0000000000000000       0x12 ../video_bsp//obj/HAL/src/crt0.o
 .debug_abbrev  0x0000000000000012      0x173 obj/default/graphics.o
 .debug_abbrev  0x0000000000000185      0x11c obj/default/main.o
 .debug_abbrev  0x00000000000002a1       0x47 obj/default/pio.o
 .debug_abbrev  0x00000000000002e8      0x1fa c:/altera/14.1/nios2eds/bin/gnu/h-x86_64-mingw32/bin/../lib/gcc/nios2-elf/4.8.3/../../../../../H-x86_64-mingw32/nios2-elf/lib/mno-hw-mul\libc.a(lib_a-malloc.o)
 .debug_abbrev  0x00000000000004e2      0x2a2 c:/altera/14.1/nios2eds/bin/gnu/h-x86_64-mingw32/bin/../lib/gcc/nios2-elf/4.8.3/../../../../../H-x86_64-mingw32/nios2-elf/lib/mno-hw-mul\libc.a(lib_a-mallocr.o)
 .debug_abbrev  0x0000000000000784       0xae c:/altera/14.1/nios2eds/bin/gnu/h-x86_64-mingw32/bin/../lib/gcc/nios2-elf/4.8.3/../../../../../H-x86_64-mingw32/nios2-elf/lib/mno-hw-mul\libc.a(lib_a-memset.o)
 .debug_abbrev  0x0000000000000832      0x1fd c:/altera/14.1/nios2eds/bin/gnu/h-x86_64-mingw32/bin/../lib/gcc/nios2-elf/4.8.3/../../../../../H-x86_64-mingw32/nios2-elf/lib/mno-hw-mul\libc.a(lib_a-sbrkr.o)
 .debug_abbrev  0x0000000000000a2f      0x27b c:/altera/14.1/nios2eds/bin/gnu/h-x86_64-mingw32/bin/../lib/gcc/nios2-elf/4.8.3/../../../../../H-x86_64-mingw32/nios2-elf/lib/mno-hw-mul\libc.a(lib_a-freer.o)
 .debug_abbrev  0x0000000000000caa      0x180 c:/altera/14.1/nios2eds/bin/gnu/h-x86_64-mingw32/bin/../lib/gcc/nios2-elf/4.8.3/../../../../../H-x86_64-mingw32/nios2-elf/lib/mno-hw-mul\libc.a(lib_a-impure.o)
 .debug_abbrev  0x0000000000000e2a       0x37 c:/altera/14.1/nios2eds/bin/gnu/h-x86_64-mingw32/bin/../lib/gcc/nios2-elf/4.8.3/../../../../../H-x86_64-mingw32/nios2-elf/lib/mno-hw-mul\libc.a(lib_a-int_errno.o)
 .debug_abbrev  0x0000000000000e61       0x9f ../video_bsp/\libhal_bsp.a(alt_load.o)
 .debug_abbrev  0x0000000000000f00       0xba ../video_bsp/\libhal_bsp.a(alt_main.o)
 .debug_abbrev  0x0000000000000fba      0x1a5 ../video_bsp/\libhal_bsp.a(alt_malloc_lock.o)
 .debug_abbrev  0x000000000000115f      0x112 ../video_bsp/\libhal_bsp.a(alt_sbrk.o)
 .debug_abbrev  0x0000000000001271      0x185 ../video_bsp/\libhal_bsp.a(alt_sys_init.o)
 .debug_abbrev  0x00000000000013f6      0x127 ../video_bsp/\libhal_bsp.a(altera_avalon_jtag_uart_fd.o)
 .debug_abbrev  0x000000000000151d      0x197 ../video_bsp/\libhal_bsp.a(altera_avalon_jtag_uart_init.o)
 .debug_abbrev  0x00000000000016b4      0x111 ../video_bsp/\libhal_bsp.a(altera_avalon_jtag_uart_ioctl.o)
 .debug_abbrev  0x00000000000017c5      0x1ac ../video_bsp/\libhal_bsp.a(altera_avalon_jtag_uart_read.o)
 .debug_abbrev  0x0000000000001971      0x1a8 ../video_bsp/\libhal_bsp.a(altera_avalon_jtag_uart_write.o)
 .debug_abbrev  0x0000000000001b19      0x162 ../video_bsp/\libhal_bsp.a(alt_alarm_start.o)
 .debug_abbrev  0x0000000000001c7b      0x11f ../video_bsp/\libhal_bsp.a(alt_close.o)
 .debug_abbrev  0x0000000000001d9a       0x42 ../video_bsp/\libhal_bsp.a(alt_dcache_flush_all.o)
 .debug_abbrev  0x0000000000001ddc       0xd9 ../video_bsp/\libhal_bsp.a(alt_dev.o)
 .debug_abbrev  0x0000000000001eb5      0x114 ../video_bsp/\libhal_bsp.a(alt_dev_llist_insert.o)
 .debug_abbrev  0x0000000000001fc9       0x79 ../video_bsp/\libhal_bsp.a(alt_do_ctors.o)
 .debug_abbrev  0x0000000000002042       0x79 ../video_bsp/\libhal_bsp.a(alt_do_dtors.o)
 .debug_abbrev  0x00000000000020bb       0x5a ../video_bsp/\libhal_bsp.a(alt_errno.o)
 .debug_abbrev  0x0000000000002115       0x42 ../video_bsp/\libhal_bsp.a(alt_icache_flush_all.o)
 .debug_abbrev  0x0000000000002157      0x163 ../video_bsp/\libhal_bsp.a(alt_iic.o)
 .debug_abbrev  0x00000000000022ba      0x169 ../video_bsp/\libhal_bsp.a(alt_iic_isr_register.o)
 .debug_abbrev  0x0000000000002423      0x114 ../video_bsp/\libhal_bsp.a(alt_io_redirect.o)
 .debug_abbrev  0x0000000000002537       0x12 ../video_bsp/\libhal_bsp.a(alt_irq_entry.o)
 .debug_abbrev  0x0000000000002549      0x122 ../video_bsp/\libhal_bsp.a(alt_irq_handler.o)
 .debug_abbrev  0x000000000000266b       0x40 ../video_bsp/\libhal_bsp.a(alt_irq_vars.o)
 .debug_abbrev  0x00000000000026ab      0x148 ../video_bsp/\libhal_bsp.a(alt_open.o)
 .debug_abbrev  0x00000000000027f3       0xde ../video_bsp/\libhal_bsp.a(alt_release_fd.o)
 .debug_abbrev  0x00000000000028d1      0x15a ../video_bsp/\libhal_bsp.a(alt_tick.o)
 .debug_abbrev  0x0000000000002a2b       0x42 ../video_bsp/\libhal_bsp.a(altera_nios2_qsys_irq.o)
 .debug_abbrev  0x0000000000002a6d       0x12 ../video_bsp/\libhal_bsp.a(alt_exception_entry.o)
 .debug_abbrev  0x0000000000002a7f       0xf0 ../video_bsp/\libhal_bsp.a(alt_find_dev.o)
 .debug_abbrev  0x0000000000002b6f       0xf0 ../video_bsp/\libhal_bsp.a(alt_find_file.o)
 .debug_abbrev  0x0000000000002c5f      0x10d ../video_bsp/\libhal_bsp.a(alt_get_fd.o)
 .debug_abbrev  0x0000000000002d6c       0xb8 c:/altera/14.1/nios2eds/bin/gnu/h-x86_64-mingw32/bin/../lib/gcc/nios2-elf/4.8.3/../../../../../H-x86_64-mingw32/nios2-elf/lib/mno-hw-mul\libc.a(lib_a-atexit.o)
 .debug_abbrev  0x0000000000002e24      0x1e6 c:/altera/14.1/nios2eds/bin/gnu/h-x86_64-mingw32/bin/../lib/gcc/nios2-elf/4.8.3/../../../../../H-x86_64-mingw32/nios2-elf/lib/mno-hw-mul\libc.a(lib_a-exit.o)
 .debug_abbrev  0x000000000000300a       0x7f c:/altera/14.1/nios2eds/bin/gnu/h-x86_64-mingw32/bin/../lib/gcc/nios2-elf/4.8.3/../../../../../H-x86_64-mingw32/nios2-elf/lib/mno-hw-mul\libc.a(lib_a-memcmp.o)
 .debug_abbrev  0x0000000000003089       0x9c c:/altera/14.1/nios2eds/bin/gnu/h-x86_64-mingw32/bin/../lib/gcc/nios2-elf/4.8.3/../../../../../H-x86_64-mingw32/nios2-elf/lib/mno-hw-mul\libc.a(lib_a-memcpy.o)
 .debug_abbrev  0x0000000000003125       0x90 c:/altera/14.1/nios2eds/bin/gnu/h-x86_64-mingw32/bin/../lib/gcc/nios2-elf/4.8.3/../../../../../H-x86_64-mingw32/nios2-elf/lib/mno-hw-mul\libc.a(lib_a-strlen.o)
 .debug_abbrev  0x00000000000031b5      0x21e c:/altera/14.1/nios2eds/bin/gnu/h-x86_64-mingw32/bin/../lib/gcc/nios2-elf/4.8.3/../../../../../H-x86_64-mingw32/nios2-elf/lib/mno-hw-mul\libc.a(lib_a-__atexit.o)
 .debug_abbrev  0x00000000000033d3      0x210 c:/altera/14.1/nios2eds/bin/gnu/h-x86_64-mingw32/bin/../lib/gcc/nios2-elf/4.8.3/../../../../../H-x86_64-mingw32/nios2-elf/lib/mno-hw-mul\libc.a(lib_a-__call_atexit.o)
 .debug_abbrev  0x00000000000035e3       0x6f c:/altera/14.1/nios2eds/bin/gnu/h-x86_64-mingw32/bin/../lib/gcc/nios2-elf/4.8.3/mno-hw-mul\libgcc.a(lib2-mul.o)
 .debug_abbrev  0x0000000000003652       0xa6 ../video_bsp/\libhal_bsp.a(alt_exit.o)

.debug_line     0x0000000000000000     0x39d5
 *(.debug_line)
 .debug_line    0x0000000000000000       0x66 ../video_bsp//obj/HAL/src/crt0.o
 .debug_line    0x0000000000000066      0x154 obj/default/graphics.o
 .debug_line    0x00000000000001ba       0x72 obj/default/main.o
 .debug_line    0x000000000000022c       0x28 obj/default/pio.o
 .debug_line    0x0000000000000254      0x206 c:/altera/14.1/nios2eds/bin/gnu/h-x86_64-mingw32/bin/../lib/gcc/nios2-elf/4.8.3/../../../../../H-x86_64-mingw32/nios2-elf/lib/mno-hw-mul\libc.a(lib_a-malloc.o)
 .debug_line    0x000000000000045a      0x41c c:/altera/14.1/nios2eds/bin/gnu/h-x86_64-mingw32/bin/../lib/gcc/nios2-elf/4.8.3/../../../../../H-x86_64-mingw32/nios2-elf/lib/mno-hw-mul\libc.a(lib_a-mallocr.o)
 .debug_line    0x0000000000000876      0x1a8 c:/altera/14.1/nios2eds/bin/gnu/h-x86_64-mingw32/bin/../lib/gcc/nios2-elf/4.8.3/../../../../../H-x86_64-mingw32/nios2-elf/lib/mno-hw-mul\libc.a(lib_a-memset.o)
 .debug_line    0x0000000000000a1e      0x205 c:/altera/14.1/nios2eds/bin/gnu/h-x86_64-mingw32/bin/../lib/gcc/nios2-elf/4.8.3/../../../../../H-x86_64-mingw32/nios2-elf/lib/mno-hw-mul\libc.a(lib_a-sbrkr.o)
 .debug_line    0x0000000000000c23      0x311 c:/altera/14.1/nios2eds/bin/gnu/h-x86_64-mingw32/bin/../lib/gcc/nios2-elf/4.8.3/../../../../../H-x86_64-mingw32/nios2-elf/lib/mno-hw-mul\libc.a(lib_a-freer.o)
 .debug_line    0x0000000000000f34      0x174 c:/altera/14.1/nios2eds/bin/gnu/h-x86_64-mingw32/bin/../lib/gcc/nios2-elf/4.8.3/../../../../../H-x86_64-mingw32/nios2-elf/lib/mno-hw-mul\libc.a(lib_a-impure.o)
 .debug_line    0x00000000000010a8       0x60 c:/altera/14.1/nios2eds/bin/gnu/h-x86_64-mingw32/bin/../lib/gcc/nios2-elf/4.8.3/../../../../../H-x86_64-mingw32/nios2-elf/lib/mno-hw-mul\libc.a(lib_a-int_errno.o)
 .debug_line    0x0000000000001108       0x91 ../video_bsp/\libhal_bsp.a(alt_load.o)
 .debug_line    0x0000000000001199       0xa4 ../video_bsp/\libhal_bsp.a(alt_main.o)
 .debug_line    0x000000000000123d      0x111 ../video_bsp/\libhal_bsp.a(alt_malloc_lock.o)
 .debug_line    0x000000000000134e       0xeb ../video_bsp/\libhal_bsp.a(alt_sbrk.o)
 .debug_line    0x0000000000001439      0x137 ../video_bsp/\libhal_bsp.a(alt_sys_init.o)
 .debug_line    0x0000000000001570      0x12f ../video_bsp/\libhal_bsp.a(altera_avalon_jtag_uart_fd.o)
 .debug_line    0x000000000000169f      0x188 ../video_bsp/\libhal_bsp.a(altera_avalon_jtag_uart_init.o)
 .debug_line    0x0000000000001827      0x12a ../video_bsp/\libhal_bsp.a(altera_avalon_jtag_uart_ioctl.o)
 .debug_line    0x0000000000001951      0x16d ../video_bsp/\libhal_bsp.a(altera_avalon_jtag_uart_read.o)
 .debug_line    0x0000000000001abe      0x16d ../video_bsp/\libhal_bsp.a(altera_avalon_jtag_uart_write.o)
 .debug_line    0x0000000000001c2b       0xfa ../video_bsp/\libhal_bsp.a(alt_alarm_start.o)
 .debug_line    0x0000000000001d25      0x15d ../video_bsp/\libhal_bsp.a(alt_close.o)
 .debug_line    0x0000000000001e82       0x51 ../video_bsp/\libhal_bsp.a(alt_dcache_flush_all.o)
 .debug_line    0x0000000000001ed3       0xf0 ../video_bsp/\libhal_bsp.a(alt_dev.o)
 .debug_line    0x0000000000001fc3       0xd0 ../video_bsp/\libhal_bsp.a(alt_dev_llist_insert.o)
 .debug_line    0x0000000000002093       0x59 ../video_bsp/\libhal_bsp.a(alt_do_ctors.o)
 .debug_line    0x00000000000020ec       0x59 ../video_bsp/\libhal_bsp.a(alt_do_dtors.o)
 .debug_line    0x0000000000002145       0x51 ../video_bsp/\libhal_bsp.a(alt_errno.o)
 .debug_line    0x0000000000002196       0x4f ../video_bsp/\libhal_bsp.a(alt_icache_flush_all.o)
 .debug_line    0x00000000000021e5       0xed ../video_bsp/\libhal_bsp.a(alt_iic.o)
 .debug_line    0x00000000000022d2       0xdb ../video_bsp/\libhal_bsp.a(alt_iic_isr_register.o)
 .debug_line    0x00000000000023ad      0x12d ../video_bsp/\libhal_bsp.a(alt_io_redirect.o)
 .debug_line    0x00000000000024da       0x6b ../video_bsp/\libhal_bsp.a(alt_irq_entry.o)
 .debug_line    0x0000000000002545       0xae ../video_bsp/\libhal_bsp.a(alt_irq_handler.o)
 .debug_line    0x00000000000025f3       0x50 ../video_bsp/\libhal_bsp.a(alt_irq_vars.o)
 .debug_line    0x0000000000002643      0x128 ../video_bsp/\libhal_bsp.a(alt_open.o)
 .debug_line    0x000000000000276b       0xb0 ../video_bsp/\libhal_bsp.a(alt_release_fd.o)
 .debug_line    0x000000000000281b      0x102 ../video_bsp/\libhal_bsp.a(alt_tick.o)
 .debug_line    0x000000000000291d       0x51 ../video_bsp/\libhal_bsp.a(altera_nios2_qsys_irq.o)
 .debug_line    0x000000000000296e       0xab ../video_bsp/\libhal_bsp.a(alt_exception_entry.o)
 .debug_line    0x0000000000002a19       0xb9 ../video_bsp/\libhal_bsp.a(alt_find_dev.o)
 .debug_line    0x0000000000002ad2       0xd5 ../video_bsp/\libhal_bsp.a(alt_find_file.o)
 .debug_line    0x0000000000002ba7       0xd4 ../video_bsp/\libhal_bsp.a(alt_get_fd.o)
 .debug_line    0x0000000000002c7b       0xf2 c:/altera/14.1/nios2eds/bin/gnu/h-x86_64-mingw32/bin/../lib/gcc/nios2-elf/4.8.3/../../../../../H-x86_64-mingw32/nios2-elf/lib/mno-hw-mul\libc.a(lib_a-atexit.o)
 .debug_line    0x0000000000002d6d      0x218 c:/altera/14.1/nios2eds/bin/gnu/h-x86_64-mingw32/bin/../lib/gcc/nios2-elf/4.8.3/../../../../../H-x86_64-mingw32/nios2-elf/lib/mno-hw-mul\libc.a(lib_a-exit.o)
 .debug_line    0x0000000000002f85      0x18e c:/altera/14.1/nios2eds/bin/gnu/h-x86_64-mingw32/bin/../lib/gcc/nios2-elf/4.8.3/../../../../../H-x86_64-mingw32/nios2-elf/lib/mno-hw-mul\libc.a(lib_a-memcmp.o)
 .debug_line    0x0000000000003113      0x1a5 c:/altera/14.1/nios2eds/bin/gnu/h-x86_64-mingw32/bin/../lib/gcc/nios2-elf/4.8.3/../../../../../H-x86_64-mingw32/nios2-elf/lib/mno-hw-mul\libc.a(lib_a-memcpy.o)
 .debug_line    0x00000000000032b8      0x18e c:/altera/14.1/nios2eds/bin/gnu/h-x86_64-mingw32/bin/../lib/gcc/nios2-elf/4.8.3/../../../../../H-x86_64-mingw32/nios2-elf/lib/mno-hw-mul\libc.a(lib_a-strlen.o)
 .debug_line    0x0000000000003446      0x23d c:/altera/14.1/nios2eds/bin/gnu/h-x86_64-mingw32/bin/../lib/gcc/nios2-elf/4.8.3/../../../../../H-x86_64-mingw32/nios2-elf/lib/mno-hw-mul\libc.a(lib_a-__atexit.o)
 .debug_line    0x0000000000003683      0x260 c:/altera/14.1/nios2eds/bin/gnu/h-x86_64-mingw32/bin/../lib/gcc/nios2-elf/4.8.3/../../../../../H-x86_64-mingw32/nios2-elf/lib/mno-hw-mul\libc.a(lib_a-__call_atexit.o)
 .debug_line    0x00000000000038e3       0x81 c:/altera/14.1/nios2eds/bin/gnu/h-x86_64-mingw32/bin/../lib/gcc/nios2-elf/4.8.3/mno-hw-mul\libgcc.a(lib2-mul.o)
 .debug_line    0x0000000000003964       0x71 ../video_bsp/\libhal_bsp.a(alt_exit.o)

.debug_frame    0x0000000000000000      0xe0c
 *(.debug_frame)
 .debug_frame   0x0000000000000000      0x1a8 obj/default/graphics.o
 .debug_frame   0x00000000000001a8       0x50 obj/default/main.o
 .debug_frame   0x00000000000001f8       0x30 c:/altera/14.1/nios2eds/bin/gnu/h-x86_64-mingw32/bin/../lib/gcc/nios2-elf/4.8.3/../../../../../H-x86_64-mingw32/nios2-elf/lib/mno-hw-mul\libc.a(lib_a-malloc.o)
 .debug_frame   0x0000000000000228       0x54 c:/altera/14.1/nios2eds/bin/gnu/h-x86_64-mingw32/bin/../lib/gcc/nios2-elf/4.8.3/../../../../../H-x86_64-mingw32/nios2-elf/lib/mno-hw-mul\libc.a(lib_a-mallocr.o)
 .debug_frame   0x000000000000027c       0x20 c:/altera/14.1/nios2eds/bin/gnu/h-x86_64-mingw32/bin/../lib/gcc/nios2-elf/4.8.3/../../../../../H-x86_64-mingw32/nios2-elf/lib/mno-hw-mul\libc.a(lib_a-memset.o)
 .debug_frame   0x000000000000029c       0x40 c:/altera/14.1/nios2eds/bin/gnu/h-x86_64-mingw32/bin/../lib/gcc/nios2-elf/4.8.3/../../../../../H-x86_64-mingw32/nios2-elf/lib/mno-hw-mul\libc.a(lib_a-sbrkr.o)
 .debug_frame   0x00000000000002dc       0x94 c:/altera/14.1/nios2eds/bin/gnu/h-x86_64-mingw32/bin/../lib/gcc/nios2-elf/4.8.3/../../../../../H-x86_64-mingw32/nios2-elf/lib/mno-hw-mul\libc.a(lib_a-freer.o)
 .debug_frame   0x0000000000000370       0x5c ../video_bsp/\libhal_bsp.a(alt_load.o)
 .debug_frame   0x00000000000003cc       0x2c ../video_bsp/\libhal_bsp.a(alt_main.o)
 .debug_frame   0x00000000000003f8       0x58 ../video_bsp/\libhal_bsp.a(alt_malloc_lock.o)
 .debug_frame   0x0000000000000450       0x34 ../video_bsp/\libhal_bsp.a(alt_sbrk.o)
 .debug_frame   0x0000000000000484       0x88 ../video_bsp/\libhal_bsp.a(alt_sys_init.o)
 .debug_frame   0x000000000000050c       0xb0 ../video_bsp/\libhal_bsp.a(altera_avalon_jtag_uart_fd.o)
 .debug_frame   0x00000000000005bc       0xa4 ../video_bsp/\libhal_bsp.a(altera_avalon_jtag_uart_init.o)
 .debug_frame   0x0000000000000660       0x34 ../video_bsp/\libhal_bsp.a(altera_avalon_jtag_uart_ioctl.o)
 .debug_frame   0x0000000000000694       0x38 ../video_bsp/\libhal_bsp.a(altera_avalon_jtag_uart_read.o)
 .debug_frame   0x00000000000006cc       0x38 ../video_bsp/\libhal_bsp.a(altera_avalon_jtag_uart_write.o)
 .debug_frame   0x0000000000000704       0x34 ../video_bsp/\libhal_bsp.a(alt_alarm_start.o)
 .debug_frame   0x0000000000000738       0x60 ../video_bsp/\libhal_bsp.a(alt_close.o)
 .debug_frame   0x0000000000000798       0x34 ../video_bsp/\libhal_bsp.a(alt_dcache_flush_all.o)
 .debug_frame   0x00000000000007cc       0x34 ../video_bsp/\libhal_bsp.a(alt_dev.o)
 .debug_frame   0x0000000000000800       0x60 ../video_bsp/\libhal_bsp.a(alt_dev_llist_insert.o)
 .debug_frame   0x0000000000000860       0x38 ../video_bsp/\libhal_bsp.a(alt_do_ctors.o)
 .debug_frame   0x0000000000000898       0x38 ../video_bsp/\libhal_bsp.a(alt_do_dtors.o)
 .debug_frame   0x00000000000008d0       0x34 ../video_bsp/\libhal_bsp.a(alt_icache_flush_all.o)
 .debug_frame   0x0000000000000904       0xa4 ../video_bsp/\libhal_bsp.a(alt_iic.o)
 .debug_frame   0x00000000000009a8       0x38 ../video_bsp/\libhal_bsp.a(alt_iic_isr_register.o)
 .debug_frame   0x00000000000009e0       0x64 ../video_bsp/\libhal_bsp.a(alt_io_redirect.o)
 .debug_frame   0x0000000000000a44       0x38 ../video_bsp/\libhal_bsp.a(alt_irq_handler.o)
 .debug_frame   0x0000000000000a7c       0x8c ../video_bsp/\libhal_bsp.a(alt_open.o)
 .debug_frame   0x0000000000000b08       0x3c ../video_bsp/\libhal_bsp.a(alt_release_fd.o)
 .debug_frame   0x0000000000000b44       0x5c ../video_bsp/\libhal_bsp.a(alt_tick.o)
 .debug_frame   0x0000000000000ba0       0x34 ../video_bsp/\libhal_bsp.a(altera_nios2_qsys_irq.o)
 .debug_frame   0x0000000000000bd4       0x38 ../video_bsp/\libhal_bsp.a(alt_find_dev.o)
 .debug_frame   0x0000000000000c0c       0x38 ../video_bsp/\libhal_bsp.a(alt_find_file.o)
 .debug_frame   0x0000000000000c44       0x3c ../video_bsp/\libhal_bsp.a(alt_get_fd.o)
 .debug_frame   0x0000000000000c80       0x20 c:/altera/14.1/nios2eds/bin/gnu/h-x86_64-mingw32/bin/../lib/gcc/nios2-elf/4.8.3/../../../../../H-x86_64-mingw32/nios2-elf/lib/mno-hw-mul\libc.a(lib_a-atexit.o)
 .debug_frame   0x0000000000000ca0       0x28 c:/altera/14.1/nios2eds/bin/gnu/h-x86_64-mingw32/bin/../lib/gcc/nios2-elf/4.8.3/../../../../../H-x86_64-mingw32/nios2-elf/lib/mno-hw-mul\libc.a(lib_a-exit.o)
 .debug_frame   0x0000000000000cc8       0x20 c:/altera/14.1/nios2eds/bin/gnu/h-x86_64-mingw32/bin/../lib/gcc/nios2-elf/4.8.3/../../../../../H-x86_64-mingw32/nios2-elf/lib/mno-hw-mul\libc.a(lib_a-memcmp.o)
 .debug_frame   0x0000000000000ce8       0x20 c:/altera/14.1/nios2eds/bin/gnu/h-x86_64-mingw32/bin/../lib/gcc/nios2-elf/4.8.3/../../../../../H-x86_64-mingw32/nios2-elf/lib/mno-hw-mul\libc.a(lib_a-memcpy.o)
 .debug_frame   0x0000000000000d08       0x20 c:/altera/14.1/nios2eds/bin/gnu/h-x86_64-mingw32/bin/../lib/gcc/nios2-elf/4.8.3/../../../../../H-x86_64-mingw32/nios2-elf/lib/mno-hw-mul\libc.a(lib_a-strlen.o)
 .debug_frame   0x0000000000000d28       0x44 c:/altera/14.1/nios2eds/bin/gnu/h-x86_64-mingw32/bin/../lib/gcc/nios2-elf/4.8.3/../../../../../H-x86_64-mingw32/nios2-elf/lib/mno-hw-mul\libc.a(lib_a-__atexit.o)
 .debug_frame   0x0000000000000d6c       0x54 c:/altera/14.1/nios2eds/bin/gnu/h-x86_64-mingw32/bin/../lib/gcc/nios2-elf/4.8.3/../../../../../H-x86_64-mingw32/nios2-elf/lib/mno-hw-mul\libc.a(lib_a-__call_atexit.o)
 .debug_frame   0x0000000000000dc0       0x20 c:/altera/14.1/nios2eds/bin/gnu/h-x86_64-mingw32/bin/../lib/gcc/nios2-elf/4.8.3/mno-hw-mul\libgcc.a(lib2-mul.o)
 .debug_frame   0x0000000000000de0       0x2c ../video_bsp/\libhal_bsp.a(alt_exit.o)

.debug_str      0x0000000000000000     0x1d76
 *(.debug_str)
 .debug_str     0x0000000000000000      0x356 obj/default/graphics.o
                                        0x395 (size before relaxing)
 .debug_str     0x0000000000000356       0x23 obj/default/main.o
                                        0x13a (size before relaxing)
 .debug_str     0x0000000000000379        0x8 obj/default/pio.o
                                         0xf2 (size before relaxing)
 .debug_str     0x0000000000000381      0x4a9 c:/altera/14.1/nios2eds/bin/gnu/h-x86_64-mingw32/bin/../lib/gcc/nios2-elf/4.8.3/../../../../../H-x86_64-mingw32/nios2-elf/lib/mno-hw-mul\libc.a(lib_a-malloc.o)
                                        0x5a5 (size before relaxing)
 .debug_str     0x000000000000082a      0x231 c:/altera/14.1/nios2eds/bin/gnu/h-x86_64-mingw32/bin/../lib/gcc/nios2-elf/4.8.3/../../../../../H-x86_64-mingw32/nios2-elf/lib/mno-hw-mul\libc.a(lib_a-mallocr.o)
                                        0x7a0 (size before relaxing)
 .debug_str     0x0000000000000a5b       0xf1 c:/altera/14.1/nios2eds/bin/gnu/h-x86_64-mingw32/bin/../lib/gcc/nios2-elf/4.8.3/../../../../../H-x86_64-mingw32/nios2-elf/lib/mno-hw-mul\libc.a(lib_a-memset.o)
                                        0x1db (size before relaxing)
 .debug_str     0x0000000000000b4c       0xdd c:/altera/14.1/nios2eds/bin/gnu/h-x86_64-mingw32/bin/../lib/gcc/nios2-elf/4.8.3/../../../../../H-x86_64-mingw32/nios2-elf/lib/mno-hw-mul\libc.a(lib_a-sbrkr.o)
                                        0x587 (size before relaxing)
 .debug_str     0x0000000000000c29       0x34 c:/altera/14.1/nios2eds/bin/gnu/h-x86_64-mingw32/bin/../lib/gcc/nios2-elf/4.8.3/../../../../../H-x86_64-mingw32/nios2-elf/lib/mno-hw-mul\libc.a(lib_a-freer.o)
                                        0x6ea (size before relaxing)
 .debug_str     0x0000000000000c5d       0x5c c:/altera/14.1/nios2eds/bin/gnu/h-x86_64-mingw32/bin/../lib/gcc/nios2-elf/4.8.3/../../../../../H-x86_64-mingw32/nios2-elf/lib/mno-hw-mul\libc.a(lib_a-impure.o)
                                        0x591 (size before relaxing)
 .debug_str     0x0000000000000cb9       0x40 c:/altera/14.1/nios2eds/bin/gnu/h-x86_64-mingw32/bin/../lib/gcc/nios2-elf/4.8.3/../../../../../H-x86_64-mingw32/nios2-elf/lib/mno-hw-mul\libc.a(lib_a-int_errno.o)
                                        0x1c0 (size before relaxing)
 .debug_str     0x0000000000000cf9      0x162 ../video_bsp/\libhal_bsp.a(alt_load.o)
                                        0x1f4 (size before relaxing)
 .debug_str     0x0000000000000e5b       0x70 ../video_bsp/\libhal_bsp.a(alt_main.o)
                                        0x17f (size before relaxing)
 .debug_str     0x0000000000000ecb       0x1a ../video_bsp/\libhal_bsp.a(alt_malloc_lock.o)
                                        0x4ea (size before relaxing)
 .debug_str     0x0000000000000ee5       0x98 ../video_bsp/\libhal_bsp.a(alt_sbrk.o)
                                        0x1b6 (size before relaxing)
 .debug_str     0x0000000000000f7d      0x1a2 ../video_bsp/\libhal_bsp.a(alt_sys_init.o)
                                        0x33a (size before relaxing)
 .debug_str     0x000000000000111f       0xb2 ../video_bsp/\libhal_bsp.a(altera_avalon_jtag_uart_fd.o)
                                        0x386 (size before relaxing)
 .debug_str     0x00000000000011d1       0xd1 ../video_bsp/\libhal_bsp.a(altera_avalon_jtag_uart_init.o)
                                        0x31a (size before relaxing)
 .debug_str     0x00000000000012a2       0x4a ../video_bsp/\libhal_bsp.a(altera_avalon_jtag_uart_ioctl.o)
                                        0x275 (size before relaxing)
 .debug_str     0x00000000000012ec       0x48 ../video_bsp/\libhal_bsp.a(altera_avalon_jtag_uart_read.o)
                                        0x2ca (size before relaxing)
 .debug_str     0x0000000000001334       0x4a ../video_bsp/\libhal_bsp.a(altera_avalon_jtag_uart_write.o)
                                        0x2cb (size before relaxing)
 .debug_str     0x000000000000137e       0x5f ../video_bsp/\libhal_bsp.a(alt_alarm_start.o)
                                        0x260 (size before relaxing)
 .debug_str     0x00000000000013dd       0x44 ../video_bsp/\libhal_bsp.a(alt_close.o)
                                        0x1ed (size before relaxing)
 .debug_str     0x0000000000001421       0x34 ../video_bsp/\libhal_bsp.a(alt_dcache_flush_all.o)
                                        0x137 (size before relaxing)
 .debug_str     0x0000000000001455      0x120 ../video_bsp/\libhal_bsp.a(alt_dev.o)
                                        0x2e7 (size before relaxing)
 .debug_str     0x0000000000001575       0x34 ../video_bsp/\libhal_bsp.a(alt_dev_llist_insert.o)
                                        0x1ae (size before relaxing)
 .debug_str     0x00000000000015a9       0x48 ../video_bsp/\libhal_bsp.a(alt_do_ctors.o)
                                         0xbe (size before relaxing)
 .debug_str     0x00000000000015f1       0x4c ../video_bsp/\libhal_bsp.a(alt_do_dtors.o)
                                         0xbd (size before relaxing)
 .debug_str     0x000000000000163d       0x14 ../video_bsp/\libhal_bsp.a(alt_errno.o)
                                        0x127 (size before relaxing)
 .debug_str     0x0000000000001651       0x34 ../video_bsp/\libhal_bsp.a(alt_icache_flush_all.o)
                                        0x137 (size before relaxing)
 .debug_str     0x0000000000001685       0xc4 ../video_bsp/\libhal_bsp.a(alt_iic.o)
                                        0x220 (size before relaxing)
 .debug_str     0x0000000000001749       0x4c ../video_bsp/\libhal_bsp.a(alt_iic_isr_register.o)
                                        0x1ca (size before relaxing)
 .debug_str     0x0000000000001795       0x56 ../video_bsp/\libhal_bsp.a(alt_io_redirect.o)
                                        0x2f8 (size before relaxing)
 .debug_str     0x00000000000017eb       0x3a ../video_bsp/\libhal_bsp.a(alt_irq_handler.o)
                                        0x179 (size before relaxing)
 .debug_str     0x0000000000001825       0x17 ../video_bsp/\libhal_bsp.a(alt_irq_vars.o)
                                        0x128 (size before relaxing)
 .debug_str     0x000000000000183c       0x29 ../video_bsp/\libhal_bsp.a(alt_open.o)
                                        0x22d (size before relaxing)
 .debug_str     0x0000000000001865       0x28 ../video_bsp/\libhal_bsp.a(alt_release_fd.o)
                                        0x1c1 (size before relaxing)
 .debug_str     0x000000000000188d       0x4a ../video_bsp/\libhal_bsp.a(alt_tick.o)
                                        0x234 (size before relaxing)
 .debug_str     0x00000000000018d7       0x3b ../video_bsp/\libhal_bsp.a(altera_nios2_qsys_irq.o)
                                        0x13e (size before relaxing)
 .debug_str     0x0000000000001912       0x24 ../video_bsp/\libhal_bsp.a(alt_find_dev.o)
                                        0x1ce (size before relaxing)
 .debug_str     0x0000000000001936       0x26 ../video_bsp/\libhal_bsp.a(alt_find_file.o)
                                        0x1dc (size before relaxing)
 .debug_str     0x000000000000195c       0x30 ../video_bsp/\libhal_bsp.a(alt_get_fd.o)
                                        0x1fe (size before relaxing)
 .debug_str     0x000000000000198c       0x82 c:/altera/14.1/nios2eds/bin/gnu/h-x86_64-mingw32/bin/../lib/gcc/nios2-elf/4.8.3/../../../../../H-x86_64-mingw32/nios2-elf/lib/mno-hw-mul\libc.a(lib_a-atexit.o)
                                        0x204 (size before relaxing)
 .debug_str     0x0000000000001a0e       0x4d c:/altera/14.1/nios2eds/bin/gnu/h-x86_64-mingw32/bin/../lib/gcc/nios2-elf/4.8.3/../../../../../H-x86_64-mingw32/nios2-elf/lib/mno-hw-mul\libc.a(lib_a-exit.o)
                                        0x59a (size before relaxing)
 .debug_str     0x0000000000001a5b       0x45 c:/altera/14.1/nios2eds/bin/gnu/h-x86_64-mingw32/bin/../lib/gcc/nios2-elf/4.8.3/../../../../../H-x86_64-mingw32/nios2-elf/lib/mno-hw-mul\libc.a(lib_a-memcmp.o)
                                        0x1c7 (size before relaxing)
 .debug_str     0x0000000000001aa0       0x6c c:/altera/14.1/nios2eds/bin/gnu/h-x86_64-mingw32/bin/../lib/gcc/nios2-elf/4.8.3/../../../../../H-x86_64-mingw32/nios2-elf/lib/mno-hw-mul\libc.a(lib_a-memcpy.o)
                                        0x1ee (size before relaxing)
 .debug_str     0x0000000000001b0c       0x45 c:/altera/14.1/nios2eds/bin/gnu/h-x86_64-mingw32/bin/../lib/gcc/nios2-elf/4.8.3/../../../../../H-x86_64-mingw32/nios2-elf/lib/mno-hw-mul\libc.a(lib_a-strlen.o)
                                        0x1da (size before relaxing)
 .debug_str     0x0000000000001b51       0x4e c:/altera/14.1/nios2eds/bin/gnu/h-x86_64-mingw32/bin/../lib/gcc/nios2-elf/4.8.3/../../../../../H-x86_64-mingw32/nios2-elf/lib/mno-hw-mul\libc.a(lib_a-__atexit.o)
                                        0x5e7 (size before relaxing)
 .debug_str     0x0000000000001b9f       0x53 c:/altera/14.1/nios2eds/bin/gnu/h-x86_64-mingw32/bin/../lib/gcc/nios2-elf/4.8.3/../../../../../H-x86_64-mingw32/nios2-elf/lib/mno-hw-mul\libc.a(lib_a-__call_atexit.o)
                                        0x5b0 (size before relaxing)
 .debug_str     0x0000000000001bf2      0x15a c:/altera/14.1/nios2eds/bin/gnu/h-x86_64-mingw32/bin/../lib/gcc/nios2-elf/4.8.3/mno-hw-mul\libgcc.a(lib2-mul.o)
                                        0x1a5 (size before relaxing)
 .debug_str     0x0000000000001d4c       0x2a ../video_bsp/\libhal_bsp.a(alt_exit.o)
                                        0x133 (size before relaxing)

.debug_loc      0x0000000000000000     0x1c89
 *(.debug_loc)
 .debug_loc     0x0000000000000000       0x58 c:/altera/14.1/nios2eds/bin/gnu/h-x86_64-mingw32/bin/../lib/gcc/nios2-elf/4.8.3/../../../../../H-x86_64-mingw32/nios2-elf/lib/mno-hw-mul\libc.a(lib_a-malloc.o)
 .debug_loc     0x0000000000000058      0xc16 c:/altera/14.1/nios2eds/bin/gnu/h-x86_64-mingw32/bin/../lib/gcc/nios2-elf/4.8.3/../../../../../H-x86_64-mingw32/nios2-elf/lib/mno-hw-mul\libc.a(lib_a-mallocr.o)
 .debug_loc     0x0000000000000c6e      0x1e5 c:/altera/14.1/nios2eds/bin/gnu/h-x86_64-mingw32/bin/../lib/gcc/nios2-elf/4.8.3/../../../../../H-x86_64-mingw32/nios2-elf/lib/mno-hw-mul\libc.a(lib_a-memset.o)
 .debug_loc     0x0000000000000e53       0x66 c:/altera/14.1/nios2eds/bin/gnu/h-x86_64-mingw32/bin/../lib/gcc/nios2-elf/4.8.3/../../../../../H-x86_64-mingw32/nios2-elf/lib/mno-hw-mul\libc.a(lib_a-sbrkr.o)
 .debug_loc     0x0000000000000eb9      0x4fd c:/altera/14.1/nios2eds/bin/gnu/h-x86_64-mingw32/bin/../lib/gcc/nios2-elf/4.8.3/../../../../../H-x86_64-mingw32/nios2-elf/lib/mno-hw-mul\libc.a(lib_a-freer.o)
 .debug_loc     0x00000000000013b6       0x2c c:/altera/14.1/nios2eds/bin/gnu/h-x86_64-mingw32/bin/../lib/gcc/nios2-elf/4.8.3/../../../../../H-x86_64-mingw32/nios2-elf/lib/mno-hw-mul\libc.a(lib_a-atexit.o)
 .debug_loc     0x00000000000013e2       0x1e c:/altera/14.1/nios2eds/bin/gnu/h-x86_64-mingw32/bin/../lib/gcc/nios2-elf/4.8.3/../../../../../H-x86_64-mingw32/nios2-elf/lib/mno-hw-mul\libc.a(lib_a-exit.o)
 .debug_loc     0x0000000000001400      0x126 c:/altera/14.1/nios2eds/bin/gnu/h-x86_64-mingw32/bin/../lib/gcc/nios2-elf/4.8.3/../../../../../H-x86_64-mingw32/nios2-elf/lib/mno-hw-mul\libc.a(lib_a-memcmp.o)
 .debug_loc     0x0000000000001526      0x33d c:/altera/14.1/nios2eds/bin/gnu/h-x86_64-mingw32/bin/../lib/gcc/nios2-elf/4.8.3/../../../../../H-x86_64-mingw32/nios2-elf/lib/mno-hw-mul\libc.a(lib_a-memcpy.o)
 .debug_loc     0x0000000000001863       0x47 c:/altera/14.1/nios2eds/bin/gnu/h-x86_64-mingw32/bin/../lib/gcc/nios2-elf/4.8.3/../../../../../H-x86_64-mingw32/nios2-elf/lib/mno-hw-mul\libc.a(lib_a-strlen.o)
 .debug_loc     0x00000000000018aa      0x174 c:/altera/14.1/nios2eds/bin/gnu/h-x86_64-mingw32/bin/../lib/gcc/nios2-elf/4.8.3/../../../../../H-x86_64-mingw32/nios2-elf/lib/mno-hw-mul\libc.a(lib_a-__atexit.o)
 .debug_loc     0x0000000000001a1e      0x1d8 c:/altera/14.1/nios2eds/bin/gnu/h-x86_64-mingw32/bin/../lib/gcc/nios2-elf/4.8.3/../../../../../H-x86_64-mingw32/nios2-elf/lib/mno-hw-mul\libc.a(lib_a-__call_atexit.o)
 .debug_loc     0x0000000000001bf6       0x93 c:/altera/14.1/nios2eds/bin/gnu/h-x86_64-mingw32/bin/../lib/gcc/nios2-elf/4.8.3/mno-hw-mul\libgcc.a(lib2-mul.o)

.debug_macinfo
 *(.debug_macinfo)

.debug_weaknames
 *(.debug_weaknames)

.debug_funcnames
 *(.debug_funcnames)

.debug_typenames
 *(.debug_typenames)

.debug_varnames
 *(.debug_varnames)

.debug_alt_sim_info
                0x0000000000000000       0x10
 *(.debug_alt_sim_info)
 .debug_alt_sim_info
                0x0000000000000000       0x10 ../video_bsp//obj/HAL/src/crt0.o
                0x0000000018000000                __alt_data_end = 0x18000000
                0x0000000018000000                PROVIDE (__alt_stack_pointer, __alt_data_end)
                0x000000001000768c                PROVIDE (__alt_stack_limit, __alt_stack_base)
                0x000000001000768c                PROVIDE (__alt_heap_start, end)
                0x0000000018000000                PROVIDE (__alt_heap_limit, 0x18000000)
OUTPUT(video.elf elf32-littlenios2)

.debug_ranges   0x0000000000000000       0xf0
 .debug_ranges  0x0000000000000000       0x20 ../video_bsp//obj/HAL/src/crt0.o
 .debug_ranges  0x0000000000000020       0x18 obj/default/main.o
 .debug_ranges  0x0000000000000038       0x38 c:/altera/14.1/nios2eds/bin/gnu/h-x86_64-mingw32/bin/../lib/gcc/nios2-elf/4.8.3/../../../../../H-x86_64-mingw32/nios2-elf/lib/mno-hw-mul\libc.a(lib_a-mallocr.o)
 .debug_ranges  0x0000000000000070       0x28 ../video_bsp/\libhal_bsp.a(alt_irq_entry.o)
 .debug_ranges  0x0000000000000098       0x10 ../video_bsp/\libhal_bsp.a(alt_irq_handler.o)
 .debug_ranges  0x00000000000000a8       0x30 ../video_bsp/\libhal_bsp.a(alt_exception_entry.o)
 .debug_ranges  0x00000000000000d8       0x18 c:/altera/14.1/nios2eds/bin/gnu/h-x86_64-mingw32/bin/../lib/gcc/nios2-elf/4.8.3/../../../../../H-x86_64-mingw32/nios2-elf/lib/mno-hw-mul\libc.a(lib_a-__call_atexit.o)