Info: Starting: Create block symbol file (.bsf)
Info: ip-generate --project-directory=C:\ECE385\video --output-directory=C:\ECE385\video\nios --report-file=bsf:C:\ECE385\video\nios\nios.bsf --system-info=DEVICE_FAMILY="Cyclone IV E" --system-info=DEVICE=EP4CE115F29C7 --system-info=DEVICE_SPEEDGRADE=7 --component-file=C:\ECE385\video\nios.qsys --remove-qsys-generate-warning
Progress: Loading video/nios.qsys
Progress: Reading input file
Progress: Adding clk_0 [clock_source 14.1]
Progress: Parameterizing module clk_0
Progress: Adding gpu_instruction [altera_avalon_pio 14.1]
Progress: Parameterizing module gpu_instruction
Progress: Adding gpu_ready [altera_avalon_pio 14.1]
Progress: Parameterizing module gpu_ready
Progress: Adding gpu_run [altera_avalon_pio 14.1]
Progress: Parameterizing module gpu_run
Progress: Adding gpu_sprite [altera_avalon_pio 14.1]
Progress: Parameterizing module gpu_sprite
Progress: Adding jtag_uart_0 [altera_avalon_jtag_uart 14.1]
Progress: Parameterizing module jtag_uart_0
Progress: Adding nios2_qsys_0 [altera_nios2_qsys 14.1]
Progress: Parameterizing module nios2_qsys_0
Progress: Adding onchip_memory2_0 [altera_avalon_onchip_memory2 14.1]
Progress: Parameterizing module onchip_memory2_0
Progress: Adding sdram [altera_avalon_new_sdram_controller 14.1]
Progress: Parameterizing module sdram
Progress: Adding sdram_pll [altpll 14.1]
Progress: Parameterizing module sdram_pll
Progress: Adding sysid_qsys_0 [altera_avalon_sysid_qsys 14.1]
Progress: Parameterizing module sysid_qsys_0
Progress: Adding vga_vsync [altera_avalon_pio 14.1]
Progress: Parameterizing module vga_vsync
Progress: Building connections
Progress: Parameterizing connections
Progress: Validating
Progress: Done reading input file
Info: nios.gpu_ready: PIO inputs are not hardwired in test bench. Undefined values will be read from PIO inputs during simulation.
Warning: nios.nios2_qsys_0: Nios II Classic cores are now superseded by improved Gen 2 cores.
Info: nios.sysid_qsys_0: System ID is not assigned automatically. Edit the System ID parameter to provide a unique ID
Info: nios.sysid_qsys_0: Time stamp will be automatically updated when this component is generated.
Info: nios.vga_vsync: PIO inputs are not hardwired in test bench. Undefined values will be read from PIO inputs during simulation.
Warning: nios.sdram_pll: sdram_pll.areset_conduit must be exported, or connected to a matching conduit.
Warning: nios.sdram_pll: sdram_pll.c2_conduit must be exported, or connected to a matching conduit.
Warning: nios.sdram_pll: sdram_pll.locked_conduit must be exported, or connected to a matching conduit.
Warning: nios.sdram_pll: sdram_pll.phasedone_conduit must be exported, or connected to a matching conduit.
Info: ip-generate succeeded.
Info: Finished: Create block symbol file (.bsf)
Info: 
Info: Starting: Create HDL design files for synthesis
Info: ip-generate --project-directory=C:\ECE385\video --output-directory=C:\ECE385\video\nios\synthesis --file-set=QUARTUS_SYNTH --report-file=html:C:\ECE385\video\nios\nios.html --report-file=sopcinfo:C:\ECE385\video\nios.sopcinfo --report-file=cmp:C:\ECE385\video\nios\nios.cmp --report-file=qip:C:\ECE385\video\nios\synthesis\nios.qip --report-file=svd:C:\ECE385\video\nios\synthesis\nios.svd --report-file=regmap:C:\ECE385\video\nios\synthesis\nios.regmap --report-file=xml:C:\ECE385\video\nios\nios.xml --report-file=debuginfo:C:\ECE385\video\nios\synthesis\nios.debuginfo --system-info=DEVICE_FAMILY="Cyclone IV E" --system-info=DEVICE=EP4CE115F29C7 --system-info=DEVICE_SPEEDGRADE=7 --component-file=C:\ECE385\video\nios.qsys --remove-qsys-generate-warning --language=VERILOG
Progress: Loading video/nios.qsys
Progress: Reading input file
Progress: Adding clk_0 [clock_source 14.1]
Progress: Parameterizing module clk_0
Progress: Adding gpu_instruction [altera_avalon_pio 14.1]
Progress: Parameterizing module gpu_instruction
Progress: Adding gpu_ready [altera_avalon_pio 14.1]
Progress: Parameterizing module gpu_ready
Progress: Adding gpu_run [altera_avalon_pio 14.1]
Progress: Parameterizing module gpu_run
Progress: Adding gpu_sprite [altera_avalon_pio 14.1]
Progress: Parameterizing module gpu_sprite
Progress: Adding jtag_uart_0 [altera_avalon_jtag_uart 14.1]
Progress: Parameterizing module jtag_uart_0
Progress: Adding nios2_qsys_0 [altera_nios2_qsys 14.1]
Progress: Parameterizing module nios2_qsys_0
Progress: Adding onchip_memory2_0 [altera_avalon_onchip_memory2 14.1]
Progress: Parameterizing module onchip_memory2_0
Progress: Adding sdram [altera_avalon_new_sdram_controller 14.1]
Progress: Parameterizing module sdram
Progress: Adding sdram_pll [altpll 14.1]
Progress: Parameterizing module sdram_pll
Progress: Adding sysid_qsys_0 [altera_avalon_sysid_qsys 14.1]
Progress: Parameterizing module sysid_qsys_0
Progress: Adding vga_vsync [altera_avalon_pio 14.1]
Progress: Parameterizing module vga_vsync
Progress: Building connections
Progress: Parameterizing connections
Progress: Validating
Progress: Done reading input file
Info: nios.gpu_ready: PIO inputs are not hardwired in test bench. Undefined values will be read from PIO inputs during simulation.
Warning: nios.nios2_qsys_0: Nios II Classic cores are now superseded by improved Gen 2 cores.
Info: nios.sysid_qsys_0: System ID is not assigned automatically. Edit the System ID parameter to provide a unique ID
Info: nios.sysid_qsys_0: Time stamp will be automatically updated when this component is generated.
Info: nios.vga_vsync: PIO inputs are not hardwired in test bench. Undefined values will be read from PIO inputs during simulation.
Warning: nios.sdram_pll: sdram_pll.areset_conduit must be exported, or connected to a matching conduit.
Warning: nios.sdram_pll: sdram_pll.c2_conduit must be exported, or connected to a matching conduit.
Warning: nios.sdram_pll: sdram_pll.locked_conduit must be exported, or connected to a matching conduit.
Warning: nios.sdram_pll: sdram_pll.phasedone_conduit must be exported, or connected to a matching conduit.
Info: nios: Generating nios "nios" for QUARTUS_SYNTH
Info: Inserting clock-crossing logic between cmd_demux.src5 and cmd_mux_005.sink0
Info: Inserting clock-crossing logic between cmd_demux_001.src5 and cmd_mux_005.sink1
Info: Inserting clock-crossing logic between rsp_demux_005.src0 and rsp_mux.sink5
Info: Inserting clock-crossing logic between rsp_demux_005.src1 and rsp_mux_001.sink5
Info: gpu_instruction: Starting RTL generation for module 'nios_gpu_instruction'
Info: gpu_instruction:   Generation command is [exec C:/altera/14.1/quartus/bin64/perl/bin/perl.exe -I C:/altera/14.1/quartus/bin64/perl/lib -I C:/altera/14.1/quartus/sopc_builder/bin/europa -I C:/altera/14.1/quartus/sopc_builder/bin/perl_lib -I C:/altera/14.1/quartus/sopc_builder/bin -I C:/altera/14.1/quartus/../ip/altera/sopc_builder_ip/common -I C:/altera/14.1/quartus/../ip/altera/sopc_builder_ip/altera_avalon_pio -- C:/altera/14.1/quartus/../ip/altera/sopc_builder_ip/altera_avalon_pio/generate_rtl.pl --name=nios_gpu_instruction --dir=C:/Users/ngsin/AppData/Local/Temp/alt6915_6188743777556310393.dir/0214_gpu_instruction_gen/ --quartus_dir=C:/altera/14.1/quartus --verilog --config=C:/Users/ngsin/AppData/Local/Temp/alt6915_6188743777556310393.dir/0214_gpu_instruction_gen//nios_gpu_instruction_component_configuration.pl  --do_build_sim=0  ]
Info: gpu_instruction: Done RTL generation for module 'nios_gpu_instruction'
Info: gpu_instruction: "nios" instantiated altera_avalon_pio "gpu_instruction"
Info: gpu_ready: Starting RTL generation for module 'nios_gpu_ready'
Info: gpu_ready:   Generation command is [exec C:/altera/14.1/quartus/bin64/perl/bin/perl.exe -I C:/altera/14.1/quartus/bin64/perl/lib -I C:/altera/14.1/quartus/sopc_builder/bin/europa -I C:/altera/14.1/quartus/sopc_builder/bin/perl_lib -I C:/altera/14.1/quartus/sopc_builder/bin -I C:/altera/14.1/quartus/../ip/altera/sopc_builder_ip/common -I C:/altera/14.1/quartus/../ip/altera/sopc_builder_ip/altera_avalon_pio -- C:/altera/14.1/quartus/../ip/altera/sopc_builder_ip/altera_avalon_pio/generate_rtl.pl --name=nios_gpu_ready --dir=C:/Users/ngsin/AppData/Local/Temp/alt6915_6188743777556310393.dir/0215_gpu_ready_gen/ --quartus_dir=C:/altera/14.1/quartus --verilog --config=C:/Users/ngsin/AppData/Local/Temp/alt6915_6188743777556310393.dir/0215_gpu_ready_gen//nios_gpu_ready_component_configuration.pl  --do_build_sim=0  ]
Info: gpu_ready: Done RTL generation for module 'nios_gpu_ready'
Info: gpu_ready: "nios" instantiated altera_avalon_pio "gpu_ready"
Info: gpu_run: Starting RTL generation for module 'nios_gpu_run'
Info: gpu_run:   Generation command is [exec C:/altera/14.1/quartus/bin64/perl/bin/perl.exe -I C:/altera/14.1/quartus/bin64/perl/lib -I C:/altera/14.1/quartus/sopc_builder/bin/europa -I C:/altera/14.1/quartus/sopc_builder/bin/perl_lib -I C:/altera/14.1/quartus/sopc_builder/bin -I C:/altera/14.1/quartus/../ip/altera/sopc_builder_ip/common -I C:/altera/14.1/quartus/../ip/altera/sopc_builder_ip/altera_avalon_pio -- C:/altera/14.1/quartus/../ip/altera/sopc_builder_ip/altera_avalon_pio/generate_rtl.pl --name=nios_gpu_run --dir=C:/Users/ngsin/AppData/Local/Temp/alt6915_6188743777556310393.dir/0216_gpu_run_gen/ --quartus_dir=C:/altera/14.1/quartus --verilog --config=C:/Users/ngsin/AppData/Local/Temp/alt6915_6188743777556310393.dir/0216_gpu_run_gen//nios_gpu_run_component_configuration.pl  --do_build_sim=0  ]
Info: gpu_run: Done RTL generation for module 'nios_gpu_run'
Info: gpu_run: "nios" instantiated altera_avalon_pio "gpu_run"
Info: jtag_uart_0: Starting RTL generation for module 'nios_jtag_uart_0'
Info: jtag_uart_0:   Generation command is [exec C:/altera/14.1/quartus/bin64/perl/bin/perl.exe -I C:/altera/14.1/quartus/bin64/perl/lib -I C:/altera/14.1/quartus/sopc_builder/bin/europa -I C:/altera/14.1/quartus/sopc_builder/bin/perl_lib -I C:/altera/14.1/quartus/sopc_builder/bin -I C:/altera/14.1/quartus/../ip/altera/sopc_builder_ip/common -I C:/altera/14.1/quartus/../ip/altera/sopc_builder_ip/altera_avalon_jtag_uart -- C:/altera/14.1/quartus/../ip/altera/sopc_builder_ip/altera_avalon_jtag_uart/generate_rtl.pl --name=nios_jtag_uart_0 --dir=C:/Users/ngsin/AppData/Local/Temp/alt6915_6188743777556310393.dir/0217_jtag_uart_0_gen/ --quartus_dir=C:/altera/14.1/quartus --verilog --config=C:/Users/ngsin/AppData/Local/Temp/alt6915_6188743777556310393.dir/0217_jtag_uart_0_gen//nios_jtag_uart_0_component_configuration.pl  --do_build_sim=0  ]
Info: jtag_uart_0: Done RTL generation for module 'nios_jtag_uart_0'
Info: jtag_uart_0: "nios" instantiated altera_avalon_jtag_uart "jtag_uart_0"
Info: nios2_qsys_0: Starting RTL generation for module 'nios_nios2_qsys_0'
Info: nios2_qsys_0:   Generation command is [exec C:/altera/14.1/quartus/bin64/eperlcmd.exe -I C:/altera/14.1/quartus/bin64/perl/lib -I C:/altera/14.1/quartus/sopc_builder/bin/europa -I C:/altera/14.1/quartus/sopc_builder/bin/perl_lib -I C:/altera/14.1/quartus/sopc_builder/bin -I C:/altera/14.1/quartus/../ip/altera/nios2_ip/altera_nios2/cpu_lib -I C:/altera/14.1/quartus/../ip/altera/nios2_ip/altera_nios2/nios_lib -I C:/altera/14.1/quartus/../ip/altera/nios2_ip/altera_nios2 -I C:/altera/14.1/quartus/../ip/altera/nios2_ip/altera_nios2 -- C:/altera/14.1/quartus/../ip/altera/nios2_ip/altera_nios2/generate_rtl.epl --name=nios_nios2_qsys_0 --dir=C:/Users/ngsin/AppData/Local/Temp/alt6915_6188743777556310393.dir/0218_nios2_qsys_0_gen/ --quartus_bindir=C:/altera/14.1/quartus/bin64 --verilog --config=C:/Users/ngsin/AppData/Local/Temp/alt6915_6188743777556310393.dir/0218_nios2_qsys_0_gen//nios_nios2_qsys_0_processor_configuration.pl  --do_build_sim=0  ]
Info: nios2_qsys_0: # 2016.04.25 02:17:11 (*) Starting Nios II generation
Info: nios2_qsys_0: # 2016.04.25 02:17:11 (*)   Checking for plaintext license.
Info: nios2_qsys_0: # 2016.04.25 02:17:13 (*)   Couldn't query license setup in Quartus directory C:/altera/14.1/quartus/bin64
Info: nios2_qsys_0: # 2016.04.25 02:17:13 (*)   Defaulting to contents of LM_LICENSE_FILE environment variable
Info: nios2_qsys_0: # 2016.04.25 02:17:13 (*)   LM_LICENSE_FILE environment variable is empty
Info: nios2_qsys_0: # 2016.04.25 02:17:13 (*)   Plaintext license not found.
Info: nios2_qsys_0: # 2016.04.25 02:17:13 (*)   No license required to generate encrypted Nios II/e.
Info: nios2_qsys_0: # 2016.04.25 02:17:13 (*)   Elaborating CPU configuration settings
Info: nios2_qsys_0: # 2016.04.25 02:17:13 (*)   Creating all objects for CPU
Info: nios2_qsys_0: # 2016.04.25 02:17:14 (*)   Generating RTL from CPU objects
Info: nios2_qsys_0: # 2016.04.25 02:17:14 (*)   Creating plain-text RTL
Info: nios2_qsys_0: # 2016.04.25 02:17:15 (*) Done Nios II generation
Info: nios2_qsys_0: Done RTL generation for module 'nios_nios2_qsys_0'
Info: nios2_qsys_0: "nios" instantiated altera_nios2_qsys "nios2_qsys_0"
Info: onchip_memory2_0: Starting RTL generation for module 'nios_onchip_memory2_0'
Info: onchip_memory2_0:   Generation command is [exec C:/altera/14.1/quartus/bin64/perl/bin/perl.exe -I C:/altera/14.1/quartus/bin64/perl/lib -I C:/altera/14.1/quartus/sopc_builder/bin/europa -I C:/altera/14.1/quartus/sopc_builder/bin/perl_lib -I C:/altera/14.1/quartus/sopc_builder/bin -I C:/altera/14.1/quartus/../ip/altera/sopc_builder_ip/common -I C:/altera/14.1/quartus/../ip/altera/sopc_builder_ip/altera_avalon_onchip_memory2 -- C:/altera/14.1/quartus/../ip/altera/sopc_builder_ip/altera_avalon_onchip_memory2/generate_rtl.pl --name=nios_onchip_memory2_0 --dir=C:/Users/ngsin/AppData/Local/Temp/alt6915_6188743777556310393.dir/0219_onchip_memory2_0_gen/ --quartus_dir=C:/altera/14.1/quartus --verilog --config=C:/Users/ngsin/AppData/Local/Temp/alt6915_6188743777556310393.dir/0219_onchip_memory2_0_gen//nios_onchip_memory2_0_component_configuration.pl  --do_build_sim=0  ]
Info: onchip_memory2_0: Done RTL generation for module 'nios_onchip_memory2_0'
Info: onchip_memory2_0: "nios" instantiated altera_avalon_onchip_memory2 "onchip_memory2_0"
Info: sdram: Starting RTL generation for module 'nios_sdram'
Info: sdram:   Generation command is [exec C:/altera/14.1/quartus/bin64/perl/bin/perl.exe -I C:/altera/14.1/quartus/bin64/perl/lib -I C:/altera/14.1/quartus/sopc_builder/bin/europa -I C:/altera/14.1/quartus/sopc_builder/bin/perl_lib -I C:/altera/14.1/quartus/sopc_builder/bin -I C:/altera/14.1/quartus/../ip/altera/sopc_builder_ip/common -I C:/altera/14.1/quartus/../ip/altera/sopc_builder_ip/altera_avalon_new_sdram_controller -- C:/altera/14.1/quartus/../ip/altera/sopc_builder_ip/altera_avalon_new_sdram_controller/generate_rtl.pl --name=nios_sdram --dir=C:/Users/ngsin/AppData/Local/Temp/alt6915_6188743777556310393.dir/0220_sdram_gen/ --quartus_dir=C:/altera/14.1/quartus --verilog --config=C:/Users/ngsin/AppData/Local/Temp/alt6915_6188743777556310393.dir/0220_sdram_gen//nios_sdram_component_configuration.pl  --do_build_sim=0  ]
Info: sdram: Done RTL generation for module 'nios_sdram'
Info: sdram: "nios" instantiated altera_avalon_new_sdram_controller "sdram"
Info: sdram_pll: "nios" instantiated altpll "sdram_pll"
Info: sysid_qsys_0: "nios" instantiated altera_avalon_sysid_qsys "sysid_qsys_0"
Info: mm_interconnect_0: "nios" instantiated altera_mm_interconnect "mm_interconnect_0"
Info: irq_mapper: "nios" instantiated altera_irq_mapper "irq_mapper"
Info: rst_controller: "nios" instantiated altera_reset_controller "rst_controller"
Info: nios2_qsys_0_data_master_translator: "mm_interconnect_0" instantiated altera_merlin_master_translator "nios2_qsys_0_data_master_translator"
Info: jtag_uart_0_avalon_jtag_slave_translator: "mm_interconnect_0" instantiated altera_merlin_slave_translator "jtag_uart_0_avalon_jtag_slave_translator"
Info: nios2_qsys_0_data_master_agent: "mm_interconnect_0" instantiated altera_merlin_master_agent "nios2_qsys_0_data_master_agent"
Info: jtag_uart_0_avalon_jtag_slave_agent: "mm_interconnect_0" instantiated altera_merlin_slave_agent "jtag_uart_0_avalon_jtag_slave_agent"
Info: jtag_uart_0_avalon_jtag_slave_agent_rsp_fifo: "mm_interconnect_0" instantiated altera_avalon_sc_fifo "jtag_uart_0_avalon_jtag_slave_agent_rsp_fifo"
Info: router: "mm_interconnect_0" instantiated altera_merlin_router "router"
Info: router_001: "mm_interconnect_0" instantiated altera_merlin_router "router_001"
Info: router_002: "mm_interconnect_0" instantiated altera_merlin_router "router_002"
Info: router_008: "mm_interconnect_0" instantiated altera_merlin_router "router_008"
Info: cmd_demux: "mm_interconnect_0" instantiated altera_merlin_demultiplexer "cmd_demux"
Info: cmd_demux_001: "mm_interconnect_0" instantiated altera_merlin_demultiplexer "cmd_demux_001"
Info: cmd_mux: "mm_interconnect_0" instantiated altera_merlin_multiplexer "cmd_mux"
Info: cmd_mux_006: "mm_interconnect_0" instantiated altera_merlin_multiplexer "cmd_mux_006"
Info: Reusing file C:/ECE385/video/nios/synthesis/submodules/altera_merlin_arbitrator.sv
Info: rsp_demux: "mm_interconnect_0" instantiated altera_merlin_demultiplexer "rsp_demux"
Info: rsp_demux_006: "mm_interconnect_0" instantiated altera_merlin_demultiplexer "rsp_demux_006"
Info: rsp_mux: "mm_interconnect_0" instantiated altera_merlin_multiplexer "rsp_mux"
Info: Reusing file C:/ECE385/video/nios/synthesis/submodules/altera_merlin_arbitrator.sv
Info: rsp_mux_001: "mm_interconnect_0" instantiated altera_merlin_multiplexer "rsp_mux_001"
Info: Reusing file C:/ECE385/video/nios/synthesis/submodules/altera_merlin_arbitrator.sv
Info: crosser: "mm_interconnect_0" instantiated altera_avalon_st_handshake_clock_crosser "crosser"
Info: nios: Done "nios" with 31 modules, 47 files
Info: ip-generate succeeded.
Info: Finished: Create HDL design files for synthesis
